Component: ARM Compiler 5.06 update 6 (build 750) Tool: armlink [4d35ed]

==============================================================================

Section Cross References

    main.o(i.ADC_IRQHandler) refers to fflt_clz.o(x$fpl$ffltu) for __aeabi_ui2f
    main.o(i.ADC_IRQHandler) refers to f2d.o(x$fpl$f2d) for __aeabi_f2d
    main.o(i.ADC_IRQHandler) refers to dmul.o(x$fpl$dmul) for __aeabi_dmul
    main.o(i.ADC_IRQHandler) refers to d2f.o(x$fpl$d2f) for __aeabi_d2f
    main.o(i.ADC_IRQHandler) refers to fleqf.o(x$fpl$fleqf) for __aeabi_cfcmple
    main.o(i.ADC_IRQHandler) refers to main.o(i.alarm_set_freq) for alarm_set_freq
    main.o(i.ADC_IRQHandler) refers to dflt_clz.o(x$fpl$dfltu) for __aeabi_ui2d
    main.o(i.ADC_IRQHandler) refers to ddiv.o(x$fpl$ddiv) for __aeabi_ddiv
    main.o(i.ADC_IRQHandler) refers to main.o(.data) for batteryTrigger
    main.o(i.ADC_init) refers to main.o(i.__NVIC_EnableIRQ) for __NVIC_EnableIRQ
    main.o(i.ADC_init) refers to main.o(i.__NVIC_SetPriority) for __NVIC_SetPriority
    main.o(i.GUI_Text) refers to main.o(i.PutChar) for PutChar
    main.o(i.GetASCIICode) refers to rt_memcpy_v6.o(.text) for __aeabi_memcpy
    main.o(i.GetASCIICode) refers to main.o(.constdata) for AsciiLib
    main.o(i.LCD_DrawLine) refers to main.o(i.LCD_SetPoint) for LCD_SetPoint
    main.o(i.LCD_GetPoint) refers to main.o(i.LCD_BGR2RGB) for LCD_BGR2RGB
    main.o(i.LCD_GetPoint) refers to main.o(.data) for LCD_Code
    main.o(i.LCD_Initializtion) refers to main.o(i.delay_ms) for delay_ms
    main.o(i.LCD_Initializtion) refers to main.o(i.LCD_Configuration) for LCD_Configuration
    main.o(i.LCD_Initializtion) refers to main.o(.data) for LCD_Code
    main.o(i.PutChar) refers to main.o(i.GetASCIICode) for GetASCIICode
    main.o(i.PutChar) refers to main.o(i.LCD_SetPoint) for LCD_SetPoint
    main.o(i.QEI_IRQHandler) refers to main.o(.data) for qei_err
    main.o(i.QEI_config) refers to fflt_clz.o(x$fpl$ffltu) for __aeabi_ui2f
    main.o(i.QEI_config) refers to fmul.o(x$fpl$fmul) for __aeabi_fmul
    main.o(i.QEI_config) refers to ffixu.o(x$fpl$ffixu) for __aeabi_f2uiz
    main.o(i.QEI_config) refers to fdiv.o(x$fpl$fdiv) for __aeabi_fdiv
    main.o(i.QEI_config) refers to main.o(i.__NVIC_EnableIRQ) for __NVIC_EnableIRQ
    main.o(i.QEI_config) refers to main.o(i.__NVIC_SetPriority) for __NVIC_SetPriority
    main.o(i.QEI_config) refers to faddsub_clz.o(x$fpl$frsb) for __aeabi_frsub
    main.o(i.QEI_config) refers to faddsub_clz.o(x$fpl$fadd) for __aeabi_fadd
    main.o(i.QEI_config) refers to ffix.o(x$fpl$ffix) for __aeabi_f2iz
    main.o(i.QEI_config) refers to main.o(.data) for T_Speed
    main.o(i.QEI_config) refers to system_lpc17xx.o(.data) for SystemCoreClock
    main.o(i.QEI_get_speed) refers to fmul.o(x$fpl$fmul) for __aeabi_fmul
    main.o(i.QEI_get_speed) refers to f2d.o(x$fpl$f2d) for __aeabi_f2d
    main.o(i.QEI_get_speed) refers to fflt_clz.o(x$fpl$ffltu) for __aeabi_ui2f
    main.o(i.QEI_get_speed) refers to dmul.o(x$fpl$dmul) for __aeabi_dmul
    main.o(i.QEI_get_speed) refers to ddiv.o(x$fpl$ddiv) for __aeabi_ddiv
    main.o(i.QEI_get_speed) refers to dfix.o(x$fpl$dfix) for __aeabi_d2iz
    main.o(i.QEI_get_speed) refers to main.o(.data) for T_Speed
    main.o(i.QEI_go_front) refers to fflt_clz.o(x$fpl$fflt) for __aeabi_i2f
    main.o(i.QEI_go_front) refers to main.o(i.speed_get_value) for speed_get_value
    main.o(i.QEI_go_front) refers to fdiv.o(x$fpl$fdiv) for __aeabi_fdiv
    main.o(i.QEI_go_front) refers to ffix.o(x$fpl$ffix) for __aeabi_f2iz
    main.o(i.QEI_go_front) refers to fmul.o(x$fpl$fmul) for __aeabi_fmul
    main.o(i.QEI_go_front) refers to main.o(i.pwm_set_duty_cycle) for pwm_set_duty_cycle
    main.o(i.QEI_go_front) refers to main.o(i.get_speed) for get_speed
    main.o(i.QEI_go_front) refers to faddsub_clz.o(x$fpl$fadd) for __aeabi_fadd
    main.o(i.QEI_go_front) refers to faddsub_clz.o(x$fpl$fsub) for __aeabi_fsub
    main.o(i.QEI_go_front) refers to f2d.o(x$fpl$f2d) for __aeabi_f2d
    main.o(i.QEI_go_front) refers to dmul.o(x$fpl$dmul) for __aeabi_dmul
    main.o(i.QEI_go_front) refers to ddiv.o(x$fpl$ddiv) for __aeabi_ddiv
    main.o(i.QEI_go_front) refers to dfix.o(x$fpl$dfix) for __aeabi_d2iz
    main.o(i.QEI_go_front) refers to main.o(i.QEI_get_speed) for QEI_get_speed
    main.o(i.QEI_go_front) refers to main.o(i.int_to_char) for int_to_char
    main.o(i.QEI_go_front) refers to main.o(i.GUI_Text) for GUI_Text
    main.o(i.QEI_go_front) refers to dflt_clz.o(x$fpl$dflt) for __aeabi_i2d
    main.o(i.QEI_go_front) refers to daddsub_clz.o(x$fpl$dadd) for __aeabi_dadd
    main.o(i.QEI_go_front) refers to drleqf.o(x$fpl$drleqf) for __aeabi_cdrcmple
    main.o(i.QEI_go_front) refers to main.o(i.pwm_stop) for pwm_stop
    main.o(i.QEI_go_front) refers to main.o(.data) for cm
    main.o(i.QEI_turn_vehicle) refers to fflt_clz.o(x$fpl$fflt) for __aeabi_i2f
[...]
    rtexit.o(.ARM.exidx) refers (Special) to rtexit2.o(.ARM.Collect$$rtexit$$00000003) for __rt_exit_ls
    rtexit.o(.ARM.exidx) refers (Special) to rtexit2.o(.ARM.Collect$$rtexit$$00000002) for __rt_exit_prels_1
    rtexit.o(.ARM.exidx) refers to rtexit.o(.ARM.Collect$$rtexit$$00000000) for .ARM.Collect$$rtexit$$00000000
    rt_raise.o(.text) refers to __raise.o(.text) for __raise
    rt_raise.o(.text) refers to sys_exit.o(.text) for _sys_exit
    defsig_exit.o(.text) refers to sys_exit.o(.text) for _sys_exit
    defsig_fpe_inner.o(.text) refers to defsig_general.o(.text) for __default_signal_display
    libinit2.o(.ARM.Collect$$libinit$$0000000F) refers (Weak) to rt_locale_intlibspace.o(.text) for __rt_locale
    libinit2.o(.ARM.Collect$$libinit$$00000010) refers to libinit2.o(.ARM.Collect$$libinit$$0000000F) for .ARM.Collect$$libinit$$0000000F
    libinit2.o(.ARM.Collect$$libinit$$00000012) refers to libinit2.o(.ARM.Collect$$libinit$$0000000F) for .ARM.Collect$$libinit$$0000000F
    libinit2.o(.ARM.Collect$$libinit$$00000012) refers (Weak) to lc_ctype_c.o(locale$$code) for _get_lc_ctype
    libinit2.o(.ARM.Collect$$libinit$$00000014) refers to libinit2.o(.ARM.Collect$$libinit$$0000000F) for .ARM.Collect$$libinit$$0000000F
    libinit2.o(.ARM.Collect$$libinit$$00000016) refers to libinit2.o(.ARM.Collect$$libinit$$0000000F) for .ARM.Collect$$libinit$$0000000F
    libinit2.o(.ARM.Collect$$libinit$$00000018) refers to libinit2.o(.ARM.Collect$$libinit$$0000000F) for .ARM.Collect$$libinit$$0000000F
    libinit2.o(.ARM.Collect$$libinit$$00000026) refers to argv_veneer.o(.emb_text) for __ARM_argv_veneer
    libinit2.o(.ARM.Collect$$libinit$$00000027) refers to argv_veneer.o(.emb_text) for __ARM_argv_veneer
    retnan.o(x$fpl$retnan) refers (Special) to usenofp.o(x$fpl$usenofp) for __I$use$fp
    retnan.o(x$fpl$retnan) refers to trapv.o(x$fpl$trapveneer) for __fpl_cmpreturn
    sys_exit.o(.text) refers (Special) to use_no_semi.o(.text) for __I$use$semihosting
    sys_exit.o(.text) refers (Special) to indicate_semi.o(.text) for __semihosting_library_function
    rtexit2.o(.ARM.Collect$$rtexit$$00000003) refers to libshutdown.o(.ARM.Collect$$libshutdown$$00000000) for __rt_lib_shutdown
    rtexit2.o(.ARM.Collect$$rtexit$$00000004) refers to sys_exit.o(.text) for _sys_exit
    rtexit2.o(.ARM.exidx) refers to rtexit2.o(.ARM.Collect$$rtexit$$00000001) for .ARM.Collect$$rtexit$$00000001
    rtexit2.o(.ARM.exidx) refers to rtexit2.o(.ARM.Collect$$rtexit$$00000003) for .ARM.Collect$$rtexit$$00000003
    rtexit2.o(.ARM.exidx) refers to rtexit2.o(.ARM.Collect$$rtexit$$00000004) for .ARM.Collect$$rtexit$$00000004
    __raise.o(.text) refers to defsig.o(CL$$defsig) for __default_signal_handler
    defsig_general.o(.text) refers to sys_wrch.o(.text) for _ttywrch
    argv_veneer.o(.emb_text) refers to no_argv.o(.text) for __ARM_get_argv
    trapv.o(x$fpl$trapveneer) refers (Special) to usenofp.o(x$fpl$usenofp) for __I$use$fp
    sys_wrch.o(.text) refers (Special) to use_no_semi.o(.text) for __I$use$semihosting
    sys_wrch.o(.text) refers (Special) to indicate_semi.o(.text) for __semihosting_library_function
    defsig.o(CL$$defsig) refers to defsig_fpe_inner.o(.text) for __rt_SIGFPE_inner
    defsig.o(CL$$defsig) refers to defsig_rtmem_inner.o(.text) for __rt_SIGRTMEM_inner
    _get_argv_nomalloc.o(.text) refers (Special) to hrguard.o(.text) for __heap_region$guard
    _get_argv_nomalloc.o(.text) refers to defsig_rtmem_outer.o(.text) for __rt_SIGRTMEM
    _get_argv_nomalloc.o(.text) refers to sys_command.o(.text) for _sys_command_string
    libshutdown.o(.ARM.Collect$$libshutdown$$00000000) refers (Special) to libshutdown2.o(.ARM.Collect$$libshutdown$$00000002) for __rt_lib_shutdown_cpp_1
    libshutdown.o(.ARM.Collect$$libshutdown$$00000000) refers (Special) to libshutdown2.o(.ARM.Collect$$libshutdown$$00000007) for __rt_lib_shutdown_fp_trap_1
    libshutdown.o(.ARM.Collect$$libshutdown$$00000000) refers (Special) to libshutdown2.o(.ARM.Collect$$libshutdown$$0000000F) for __rt_lib_shutdown_heap_1
    libshutdown.o(.ARM.Collect$$libshutdown$$00000000) refers (Special) to libshutdown2.o(.ARM.Collect$$libshutdown$$00000010) for __rt_lib_shutdown_return
    libshutdown.o(.ARM.Collect$$libshutdown$$00000000) refers (Special) to libshutdown2.o(.ARM.Collect$$libshutdown$$0000000A) for __rt_lib_shutdown_signal_1
    libshutdown.o(.ARM.Collect$$libshutdown$$00000000) refers (Special) to libshutdown2.o(.ARM.Collect$$libshutdown$$00000004) for __rt_lib_shutdown_stdio_1
    libshutdown.o(.ARM.Collect$$libshutdown$$00000000) refers (Special) to libshutdown2.o(.ARM.Collect$$libshutdown$$0000000C) for __rt_lib_shutdown_user_alloc_1
    sys_command.o(.text) refers (Special) to use_no_semi.o(.text) for __I$use$semihosting
    sys_command.o(.text) refers (Special) to indicate_semi.o(.text) for __semihosting_library_function
    defsig_abrt_inner.o(.text) refers to defsig_general.o(.text) for __default_signal_display
    defsig_rtred_inner.o(.text) refers to defsig_general.o(.text) for __default_signal_display
    defsig_rtmem_inner.o(.text) refers to defsig_general.o(.text) for __default_signal_display
    defsig_rtmem_outer.o(.text) refers to defsig_rtmem_inner.o(.text) for __rt_SIGRTMEM_inner
    defsig_rtmem_outer.o(.text) refers to defsig_exit.o(.text) for __sig_exit
    defsig_rtmem_formal.o(.text) refers to rt_raise.o(.text) for __rt_raise
    defsig_stak_inner.o(.text) refers to defsig_general.o(.text) for __default_signal_display
    defsig_pvfn_inner.o(.text) refers to defsig_general.o(.text) for __default_signal_display
    defsig_cppl_inner.o(.text) refers to defsig_general.o(.text) for __default_signal_display
    defsig_segv_inner.o(.text) refers to defsig_general.o(.text) for __default_signal_display
    defsig_other.o(.text) refers to defsig_general.o(.text) for __default_signal_display


==============================================================================

Removing Unused input sections from the image.

    Removing main.o(.rev16_text), (4 bytes).
    Removing main.o(.revsh_text), (4 bytes).
    Removing main.o(.rrx_text), (6 bytes).
    Removing main.o(i.LCD_BGR2RGB), (26 bytes).
    Removing main.o(i.LCD_Clear), (536 bytes).
    Removing main.o(i.LCD_DrawLine), (250 bytes).
    Removing main.o(i.LCD_GetPoint), (956 bytes).
    Removing main.o(i.char_to_int), (38 bytes).
    Removing main.o(i.pwm_get_duty_cycle), (180 bytes).
    Removing main.o(i.pwm_get_period), (56 bytes).
    Removing main.o(i.pwm_set_period), (60 bytes).
    Removing main.o(i.uart0_getchar), (28 bytes).
    Removing main.o(i.uart0_kbhit), (24 bytes).
    Removing main.o(i.uart0_puts), (24 bytes).
    Removing main.o(i.uart0_recv), (48 bytes).
    Removing main.o(i.uart0_send), (76 bytes).
    Removing system_lpc17xx.o(.rev16_text), (4 bytes).
    Removing system_lpc17xx.o(.revsh_text), (4 bytes).
    Removing system_lpc17xx.o(.rrx_text), (6 bytes).
    Removing system_lpc17xx.o(i.SystemCoreClockUpdate), (424 bytes).

20 unused section(s) (total 2754 bytes) removed from the image.

==============================================================================

Image Symbol Table

    Local Symbols

    Symbol Name                              Value     Ov Type        Size  Object(Section)

    RESET                                    0x00000000   Section      204  startup_lpc17xx.o(RESET)
    ../clib/angel/boardlib.s                 0x00000000   Number         0  boardinit1.o ABSOLUTE
    ../clib/angel/boardlib.s                 0x00000000   Number         0  boardinit3.o ABSOLUTE
    ../clib/angel/boardlib.s                 0x00000000   Number         0  boardshut.o ABSOLUTE
    ../clib/angel/boardlib.s                 0x00000000   Number         0  boardinit2.o ABSOLUTE
    ../clib/angel/handlers.s                 0x00000000   Number         0  __scatter_zi.o ABSOLUTE
    ../clib/angel/handlers.s                 0x00000000   Number         0  __scatter_copy.o ABSOLUTE
    ../clib/angel/kernel.s                   0x00000000   Number         0  __rtentry4.o ABSOLUTE
    ../clib/angel/kernel.s                   0x00000000   Number         0  rtexit.o ABSOLUTE
    ../clib/angel/kernel.s                   0x00000000   Number         0  __rtentry2.o ABSOLUTE
    ../clib/angel/kernel.s                   0x00000000   Number         0  __rtentry.o ABSOLUTE
    ../clib/angel/kernel.s                   0x00000000   Number         0  rtexit2.o ABSOLUTE
    ../clib/angel/rt.s                       0x00000000   Number         0  rt_errno_addr.o ABSOLUTE
    ../clib/angel/rt.s                       0x00000000   Number         0  aeabi_ldiv0_sigfpe.o ABSOLUTE
    ../clib/angel/rt.s                       0x00000000   Number         0  rt_div0.o ABSOLUTE
    ../clib/angel/rt.s                       0x00000000   Number         0  rt_ctype_table.o ABSOLUTE
    ../clib/angel/rt.s                       0x00000000   Number         0  rt_raise.o ABSOLUTE
    ../clib/angel/rt.s                       0x00000000   Number         0  rt_locale.o ABSOLUTE
    ../clib/angel/rt.s                       0x00000000   Number         0  aeabi_ldiv0.o ABSOLUTE
    ../clib/angel/rt.s                       0x00000000   Number         0  rt_errno_addr_intlibspace.o ABSOLUTE
    ../clib/angel/rt.s                       0x00000000   Number         0  rt_locale_intlibspace.o ABSOLUTE
    ../clib/angel/scatter.s                  0x00000000   Number         0  __scatter.o ABSOLUTE
    ../clib/angel/startup.s                  0x00000000   Number         0  __main.o ABSOLUTE
    ../clib/angel/sys.s                      0x00000000   Number         0  libspace.o ABSOLUTE
    ../clib/angel/sys.s                      0x00000000   Number         0  sys_stackheap_outer.o ABSOLUTE
    ../clib/angel/sys.s                      0x00000000   Number         0  indicate_semi.o ABSOLUTE
    ../clib/angel/sys.s                      0x00000000   Number         0  use_no_semi.o ABSOLUTE
    ../clib/angel/sysapp.c                   0x00000000   Number         0  sys_wrch.o ABSOLUTE
    ../clib/angel/sysapp.c                   0x00000000   Number         0  sys_exit.o ABSOLUTE
    ../clib/angel/sysapp.c                   0x00000000   Number         0  sys_command.o ABSOLUTE
    ../clib/armsys.c                         0x00000000   Number         0  argv_veneer.o ABSOLUTE
    ../clib/armsys.c                         0x00000000   Number         0  _get_argv_nomalloc.o ABSOLUTE
    ../clib/armsys.c                         0x00000000   Number         0  no_argv.o ABSOLUTE
    ../clib/armsys.c                         0x00000000   Number         0  argv_veneer.o ABSOLUTE
    ../clib/fenv.c                           0x00000000   Number         0  _rserrno.o ABSOLUTE
    ../clib/heapalloc.c                      0x00000000   Number         0  hrguard.o ABSOLUTE
    ../clib/heapaux.c                        0x00000000   Number         0  heapauxi.o ABSOLUTE
    ../clib/libinit.s                        0x00000000   Number         0  libinit2.o ABSOLUTE
    ../clib/libinit.s                        0x00000000   Number         0  libshutdown.o ABSOLUTE
    ../clib/libinit.s                        0x00000000   Number         0  libinit.o ABSOLUTE
    ../clib/libinit.s                        0x00000000   Number         0  libshutdown2.o ABSOLUTE
    ../clib/locale.s                         0x00000000   Number         0  lc_ctype_c.o ABSOLUTE
    ../clib/longlong.s                       0x00000000   Number         0  lludivv7m.o ABSOLUTE
    ../clib/memcpset.s                       0x00000000   Number         0  strcmpv7m.o ABSOLUTE
    ../clib/memcpset.s                       0x00000000   Number         0  rt_memcpy_w.o ABSOLUTE
    ../clib/memcpset.s                       0x00000000   Number         0  rt_memcpy_v6.o ABSOLUTE
    ../clib/scanf.c                          0x00000000   Number         0  strtol.o ABSOLUTE
    ../clib/scanf.c                          0x00000000   Number         0  _chval.o ABSOLUTE
    ../clib/scanf.c                          0x00000000   Number         0  atoi.o ABSOLUTE
    ../clib/scanf.c                          0x00000000   Number         0  _strtoul.o ABSOLUTE
    ../clib/signal.c                         0x00000000   Number         0  defsig_cppl_inner.o ABSOLUTE
    ../clib/signal.c                         0x00000000   Number         0  defsig_pvfn_inner.o ABSOLUTE
    ../clib/signal.c                         0x00000000   Number         0  defsig_stak_inner.o ABSOLUTE
    ../clib/signal.c                         0x00000000   Number         0  defsig_rtmem_formal.o ABSOLUTE
    ../clib/signal.c                         0x00000000   Number         0  defsig_rtmem_outer.o ABSOLUTE
    ../clib/signal.c                         0x00000000   Number         0  defsig_rtmem_inner.o ABSOLUTE
    ../clib/signal.c                         0x00000000   Number         0  defsig_rtred_inner.o ABSOLUTE
    ../clib/signal.c                         0x00000000   Number         0  defsig_abrt_inner.o ABSOLUTE
    ../clib/signal.c                         0x00000000   Number         0  defsig_general.o ABSOLUTE
    ../clib/signal.c                         0x00000000   Number         0  __raise.o ABSOLUTE
    ../clib/signal.c                         0x00000000   Number         0  defsig_fpe_inner.o ABSOLUTE
    ../clib/signal.c                         0x00000000   Number         0  defsig_exit.o ABSOLUTE
    ../clib/signal.c                         0x00000000   Number         0  defsig_fpe_formal.o ABSOLUTE
    ../clib/signal.c                         0x00000000   Number         0  defsig_fpe_outer.o ABSOLUTE
    ../clib/signal.c                         0x00000000   Number         0  defsig_other.o ABSOLUTE
    ../clib/signal.c                         0x00000000   Number         0  defsig_segv_inner.o ABSOLUTE
    ../clib/signal.s                         0x00000000   Number         0  defsig.o ABSOLUTE
    ../clib/stdlib.c                         0x00000000   Number         0  exit.o ABSOLUTE
    ../clib/string.c                         0x00000000   Number         0  strlen.o ABSOLUTE
    ../fplib/d2f.s                           0x00000000   Number         0  d2f.o ABSOLUTE
    ../fplib/daddsub.s                       0x00000000   Number         0  daddsub_clz.o ABSOLUTE
    ../fplib/dcmpi.s                         0x00000000   Number         0  dcmpi.o ABSOLUTE
    ../fplib/ddiv.s                          0x00000000   Number         0  ddiv.o ABSOLUTE
    ../fplib/deqf.s                          0x00000000   Number         0  deqf.o ABSOLUTE
    ../fplib/dfix.s                          0x00000000   Number         0  dfix.o ABSOLUTE
    ../fplib/dfixu.s                         0x00000000   Number         0  dfixu.o ABSOLUTE
    ../fplib/dflt.s                          0x00000000   Number         0  dflt_clz.o ABSOLUTE
    ../fplib/dleqf.s                         0x00000000   Number         0  dleqf.o ABSOLUTE
    ../fplib/dmul.s                          0x00000000   Number         0  dmul.o ABSOLUTE
    ../fplib/dnaninf.s                       0x00000000   Number         0  dnaninf.o ABSOLUTE
    ../fplib/dretinf.s                       0x00000000   Number         0  dretinf.o ABSOLUTE
    ../fplib/drleqf.s                        0x00000000   Number         0  drleqf.o ABSOLUTE
    ../fplib/f2d.s                           0x00000000   Number         0  f2d.o ABSOLUTE
    ../fplib/faddsub.s                       0x00000000   Number         0  faddsub_clz.o ABSOLUTE
    ../fplib/fcheck1.s                       0x00000000   Number         0  fcheck1.o ABSOLUTE
    ../fplib/fcmpi.s                         0x00000000   Number         0  fcmpi.o ABSOLUTE
    ../fplib/fdiv.s                          0x00000000   Number         0  fdiv.o ABSOLUTE
    ../fplib/ffix.s                          0x00000000   Number         0  ffix.o ABSOLUTE
    ../fplib/ffixu.s                         0x00000000   Number         0  ffixu.o ABSOLUTE
    ../fplib/fflt.s                          0x00000000   Number         0  fflt_clz.o ABSOLUTE
    ../fplib/fleqf.s                         0x00000000   Number         0  fleqf.o ABSOLUTE
    ../fplib/fmul.s                          0x00000000   Number         0  fmul.o ABSOLUTE
    ../fplib/fnaninf.s                       0x00000000   Number         0  fnaninf.o ABSOLUTE
    ../fplib/fpinit.s                        0x00000000   Number         0  fpinit.o ABSOLUTE
    ../fplib/fretinf.s                       0x00000000   Number         0  fretinf.o ABSOLUTE
    ../fplib/frleqf.s                        0x00000000   Number         0  frleqf.o ABSOLUTE
    ../fplib/frnd.s                          0x00000000   Number         0  frnd.o ABSOLUTE
    ../fplib/retnan.s                        0x00000000   Number         0  retnan.o ABSOLUTE
    ../fplib/scalbnf.s                       0x00000000   Number         0  scalbnf.o ABSOLUTE
    ../fplib/trapv.s                         0x00000000   Number         0  trapv.o ABSOLUTE
    ../fplib/usenofp.s                       0x00000000   Number         0  usenofp.o ABSOLUTE
    ../mathlib/fpclassifyf.c                 0x00000000   Number         0  fpclassifyf.o ABSOLUTE
    ../mathlib/funder.c                      0x00000000   Number         0  funder.o ABSOLUTE
    ../mathlib/rredf.c                       0x00000000   Number         0  rredf.o ABSOLUTE
    ../mathlib/sinf.c                        0x00000000   Number         0  sinf.o ABSOLUTE
    ../mathlib/sinf.c                        0x00000000   Number         0  sinf_x.o ABSOLUTE
    RTE\Device\LPC1768\startup_LPC17xx.s     0x00000000   Number         0  startup_lpc17xx.o ABSOLUTE
    RTE\Device\LPC1768\system_LPC17xx.c      0x00000000   Number         0  system_lpc17xx.o ABSOLUTE
    RTE\\Device\\LPC1768\\system_LPC17xx.c   0x00000000   Number         0  system_lpc17xx.o ABSOLUTE
    dc.s                                     0x00000000   Number         0  dc.o ABSOLUTE
    main.c                                   0x00000000   Number         0  main.o ABSOLUTE
    main.c                                   0x00000000   Number         0  main.o ABSOLUTE
    !!!main                                  0x000000cc   Section        8  __main.o(!!!main)
    !!!scatter                               0x000000d4   Section       52  __scatter.o(!!!scatter)
    !!handler_copy                           0x00000108   Section       26  __scatter_copy.o(!!handler_copy)
    !!handler_zi                             0x00000124   Section       28  __scatter_zi.o(!!handler_zi)
    .ARM.Collect$$libinit$$00000000          0x00000140   Section        2  libinit.o(.ARM.Collect$$libinit$$00000000)
    .ARM.Collect$$libinit$$00000002          0x00000142   Section        0  libinit2.o(.ARM.Collect$$libinit$$00000002)
    .ARM.Collect$$libinit$$00000004          0x00000142   Section        0  libinit2.o(.ARM.Collect$$libinit$$00000004)
    .ARM.Collect$$libinit$$0000000A          0x00000142   Section        0  libinit2.o(.ARM.Collect$$libinit$$0000000A)
    .ARM.Collect$$libinit$$0000000C          0x00000142   Section        0  libinit2.o(.ARM.Collect$$libinit$$0000000C)
    .ARM.Collect$$libinit$$0000000E          0x00000142   Section        0  libinit2.o(.ARM.Collect$$libinit$$0000000E)
    .ARM.Collect$$libinit$$0000000F          0x00000142   Section        6  libinit2.o(.ARM.Collect$$libinit$$0000000F)
    .ARM.Collect$$libinit$$00000011          0x00000148   Section        0  libinit2.o(.ARM.Collect$$libinit$$00000011)
    .ARM.Collect$$libinit$$00000012          0x00000148   Section       12  libinit2.o(.ARM.Collect$$libinit$$00000012)
    .ARM.Collect$$libinit$$00000013          0x00000154   Section        0  libinit2.o(.ARM.Collect$$libinit$$00000013)
    .ARM.Collect$$libinit$$00000015          0x00000154   Section        0  libinit2.o(.ARM.Collect$$libinit$$00000015)
    .ARM.Collect$$libinit$$00000017          0x00000154   Section        0  libinit2.o(.ARM.Collect$$libinit$$00000017)
    .ARM.Collect$$libinit$$00000019          0x00000154   Section        0  libinit2.o(.ARM.Collect$$libinit$$00000019)
    .ARM.Collect$$libinit$$0000001B          0x00000154   Section        0  libinit2.o(.ARM.Collect$$libinit$$0000001B)
    .ARM.Collect$$libinit$$0000001D          0x00000154   Section        0  libinit2.o(.ARM.Collect$$libinit$$0000001D)
    .ARM.Collect$$libinit$$0000001F          0x00000154   Section        0  libinit2.o(.ARM.Collect$$libinit$$0000001F)
    .ARM.Collect$$libinit$$00000021          0x00000154   Section        0  libinit2.o(.ARM.Collect$$libinit$$00000021)
    .ARM.Collect$$libinit$$00000023          0x00000154   Section        0  libinit2.o(.ARM.Collect$$libinit$$00000023)
    .ARM.Collect$$libinit$$00000025          0x00000154   Section        0  libinit2.o(.ARM.Collect$$libinit$$00000025)
    .ARM.Collect$$libinit$$0000002C          0x00000154   Section        0  libinit2.o(.ARM.Collect$$libinit$$0000002C)
    .ARM.Collect$$libinit$$0000002E          0x00000154   Section        0  libinit2.o(.ARM.Collect$$libinit$$0000002E)
    .ARM.Collect$$libinit$$00000030          0x00000154   Section        0  libinit2.o(.ARM.Collect$$libinit$$00000030)
    .ARM.Collect$$libinit$$00000032          0x00000154   Section        0  libinit2.o(.ARM.Collect$$libinit$$00000032)
    .ARM.Collect$$libinit$$00000033          0x00000154   Section        2  libinit2.o(.ARM.Collect$$libinit$$00000033)
    .ARM.Collect$$libshutdown$$00000000      0x00000156   Section        2  libshutdown.o(.ARM.Collect$$libshutdown$$00000000)
    .ARM.Collect$$libshutdown$$00000002      0x00000158   Section        0  libshutdown2.o(.ARM.Collect$$libshutdown$$00000002)
    .ARM.Collect$$libshutdown$$00000004      0x00000158   Section        0  libshutdown2.o(.ARM.Collect$$libshutdown$$00000004)
    .ARM.Collect$$libshutdown$$00000007      0x00000158   Section        0  libshutdown2.o(.ARM.Collect$$libshutdown$$00000007)
    .ARM.Collect$$libshutdown$$0000000A      0x00000158   Section        0  libshutdown2.o(.ARM.Collect$$libshutdown$$0000000A)
    .ARM.Collect$$libshutdown$$0000000C      0x00000158   Section        0  libshutdown2.o(.ARM.Collect$$libshutdown$$0000000C)
    .ARM.Collect$$libshutdown$$0000000F      0x00000158   Section        0  libshutdown2.o(.ARM.Collect$$libshutdown$$0000000F)
    .ARM.Collect$$libshutdown$$00000010      0x00000158   Section        2  libshutdown2.o(.ARM.Collect$$libshutdown$$00000010)
    .ARM.Collect$$rtentry$$00000000          0x0000015a   Section        0  __rtentry.o(.ARM.Collect$$rtentry$$00000000)
    .ARM.Collect$$rtentry$$00000002          0x0000015a   Section        0  __rtentry2.o(.ARM.Collect$$rtentry$$00000002)
    .ARM.Collect$$rtentry$$00000004          0x0000015a   Section        6  __rtentry4.o(.ARM.Collect$$rtentry$$00000004)
    .ARM.Collect$$rtentry$$00000009          0x00000160   Section        0  __rtentry2.o(.ARM.Collect$$rtentry$$00000009)
    .ARM.Collect$$rtentry$$0000000A          0x00000160   Section        4  __rtentry2.o(.ARM.Collect$$rtentry$$0000000A)
    .ARM.Collect$$rtentry$$0000000C          0x00000164   Section        0  __rtentry2.o(.ARM.Collect$$rtentry$$0000000C)
    .ARM.Collect$$rtentry$$0000000D          0x00000164   Section        8  __rtentry2.o(.ARM.Collect$$rtentry$$0000000D)
    .ARM.Collect$$rtexit$$00000000           0x0000016c   Section        2  rtexit.o(.ARM.Collect$$rtexit$$00000000)
    .ARM.Collect$$rtexit$$00000002           0x0000016e   Section        0  rtexit2.o(.ARM.Collect$$rtexit$$00000002)
    .ARM.Collect$$rtexit$$00000003           0x0000016e   Section        4  rtexit2.o(.ARM.Collect$$rtexit$$00000003)
    .ARM.Collect$$rtexit$$00000004           0x00000172   Section        6  rtexit2.o(.ARM.Collect$$rtexit$$00000004)
    .text                                    0x00000178   Section       60  startup_lpc17xx.o(.text)
    .text                                    0x000001b4   Section        0  atoi.o(.text)
    .text                                    0x000001ce   Section        0  strlen.o(.text)
    .text                                    0x0000020c   Section      138  rt_memcpy_v6.o(.text)
    .text                                    0x00000296   Section        0  heapauxi.o(.text)
    .text                                    0x0000029c   Section        8  rt_errno_addr_intlibspace.o(.text)
    .text                                    0x000002a4   Section        0  _rserrno.o(.text)
    .text                                    0x000002bc   Section        8  libspace.o(.text)
    .text                                    0x000002c4   Section       16  rt_ctype_table.o(.text)
    .text                                    0x000002d4   Section        8  rt_locale_intlibspace.o(.text)
    .text                                    0x000002dc   Section        0  _chval.o(.text)
    .text                                    0x000002f8   Section        2  use_no_semi.o(.text)
    .text                                    0x000002fa   Section        0  indicate_semi.o(.text)
    x$fpl$usenofp                            0x000002fa   Section        0  usenofp.o(x$fpl$usenofp)
    .ARM.__at_0x02FC                         0x000002fc   Section        4  startup_lpc17xx.o(.ARM.__at_0x02FC)
    .text                                    0x00000300   Section        0  strtol.o(.text)
    .text                                    0x00000370   Section      100  rt_memcpy_w.o(.text)
    .text                                    0x000003d4   Section        0  _strtoul.o(.text)
    .text                                    0x00000472   Section       74  sys_stackheap_outer.o(.text)
    .text                                    0x000004bc   Section        0  exit.o(.text)
    .text                                    0x000004d0   Section      128  strcmpv7m.o(.text)
    .text                                    0x00000550   Section        0  sys_exit.o(.text)
    i.ADC_IRQHandler                         0x0000055c   Section        0  main.o(i.ADC_IRQHandler)
    i.ADC_init                               0x00000658   Section        0  main.o(i.ADC_init)
    i.GUI_Text                               0x00000720   Section        0  main.o(i.GUI_Text)
    i.GetASCIICode                           0x00000770   Section        0  main.o(i.GetASCIICode)
    i.LCD_Configuration                      0x00000790   Section        0  main.o(i.LCD_Configuration)
    LCD_Configuration                        0x00000791   Thumb Code    44  main.o(i.LCD_Configuration)
    i.LCD_Initializtion                      0x000007c0   Section        0  main.o(i.LCD_Initializtion)
    i.LCD_SetPoint                           0x00002dd8   Section        0  main.o(i.LCD_SetPoint)
    i.PutChar                                0x0000303c   Section        0  main.o(i.PutChar)
    i.QEI_IRQHandler                         0x000030a0   Section        0  main.o(i.QEI_IRQHandler)
    i.QEI_config                             0x000030cc   Section        0  main.o(i.QEI_config)
    i.QEI_get_speed                          0x00003208   Section        0  main.o(i.QEI_get_speed)
    i.QEI_go_front                           0x0000329c   Section        0  main.o(i.QEI_go_front)
    i.QEI_turn_vehicle                       0x00003514   Section        0  main.o(i.QEI_turn_vehicle)
    i.SystemInit                             0x00003700   Section        0  system_lpc17xx.o(i.SystemInit)
    i.TIMER0_IRQHandler                      0x00003840   Section        0  main.o(i.TIMER0_IRQHandler)
    i.TIMER2_IRQHandler                      0x0000389c   Section        0  main.o(i.TIMER2_IRQHandler)
    i.UART0_IRQHandler                       0x000038b4   Section        0  main.o(i.UART0_IRQHandler)
    i.__ARM_fpclassifyf                      0x00003900   Section        0  fpclassifyf.o(i.__ARM_fpclassifyf)
    i.__NVIC_EnableIRQ                       0x00003926   Section        0  main.o(i.__NVIC_EnableIRQ)
    __NVIC_EnableIRQ                         0x00003927   Thumb Code    34  main.o(i.__NVIC_EnableIRQ)
    i.__NVIC_SetPriority                     0x00003948   Section        0  main.o(i.__NVIC_SetPriority)
    __NVIC_SetPriority                       0x00003949   Thumb Code    32  main.o(i.__NVIC_SetPriority)
    i.__mathlib_flt_infnan                   0x00003970   Section        0  funder.o(i.__mathlib_flt_infnan)
    i.__mathlib_flt_invalid                  0x00003976   Section        0  funder.o(i.__mathlib_flt_invalid)
    i.__mathlib_flt_underflow                0x0000397e   Section        0  funder.o(i.__mathlib_flt_underflow)
    i.__mathlib_rredf2                       0x00003988   Section        0  rredf.o(i.__mathlib_rredf2)
    i.alarm_gen_sample                       0x00003af0   Section        0  main.o(i.alarm_gen_sample)
    i.alarm_init                             0x00003b24   Section        0  main.o(i.alarm_init)
    i.alarm_set_freq                         0x00003bd0   Section        0  main.o(i.alarm_set_freq)
    i.battery_sampling_init                  0x00003c60   Section        0  main.o(i.battery_sampling_init)
    i.delay_ms                               0x00003d0c   Section        0  main.o(i.delay_ms)
    delay_ms                                 0x00003d0d   Thumb Code    30  main.o(i.delay_ms)
    i.delimitedChar                          0x00003d2a   Section        0  main.o(i.delimitedChar)
    i.fifo_empty                             0x00003d50   Section        0  main.o(i.fifo_empty)
    fifo_empty                               0x00003d51   Thumb Code    14  main.o(i.fifo_empty)
    i.fifo_flush                             0x00003d5e   Section        0  main.o(i.fifo_flush)
    fifo_flush                               0x00003d5f   Thumb Code    10  main.o(i.fifo_flush)
    i.fifo_full                              0x00003d68   Section        0  main.o(i.fifo_full)
    fifo_full                                0x00003d69   Thumb Code    18  main.o(i.fifo_full)
    i.fifo_get_nb                            0x00003d7a   Section        0  main.o(i.fifo_get_nb)
    i.fifo_init                              0x00003dae   Section        0  main.o(i.fifo_init)
    i.fifo_put_nb                            0x00003dba   Section        0  main.o(i.fifo_put_nb)
    i.get_speed                              0x00003dec   Section        0  main.o(i.get_speed)
    i.int_to_char                            0x00003df8   Section        0  main.o(i.int_to_char)
    i.main                                   0x00003e70   Section        0  main.o(i.main)
    i.pwm_config                             0x00004044   Section        0  main.o(i.pwm_config)
    i.pwm_set_duty_cycle                     0x000040d0   Section        0  main.o(i.pwm_set_duty_cycle)
    i.pwm_stop                               0x000041a0   Section        0  main.o(i.pwm_stop)
    i.send_byte                              0x000041c8   Section        0  main.o(i.send_byte)
    send_byte                                0x000041c9   Thumb Code    22  main.o(i.send_byte)
    i.sinf                                   0x000041e8   Section        0  sinf.o(i.sinf)
    i.speed_get_value                        0x00004370   Section        0  main.o(i.speed_get_value)
    i.uart0_fputs                            0x000043b0   Section        0  main.o(i.uart0_fputs)
    i.uart0_gets                             0x000043f0   Section        0  main.o(i.uart0_gets)
    i.uart0_init                             0x00004428   Section        0  main.o(i.uart0_init)
    i.uart0_set_baudrate                     0x00004474   Section        0  main.o(i.uart0_set_baudrate)
    uart0_set_baudrate                       0x00004475   Thumb Code   250  main.o(i.uart0_set_baudrate)
    locale$$code                             0x0000457c   Section       44  lc_ctype_c.o(locale$$code)
    x$fpl$d2f                                0x000045a8   Section       98  d2f.o(x$fpl$d2f)
    x$fpl$dadd                               0x0000460c   Section      336  daddsub_clz.o(x$fpl$dadd)
    _dadd1                                   0x0000461d   Thumb Code     0  daddsub_clz.o(x$fpl$dadd)
    x$fpl$dcmpinf                            0x0000475c   Section       24  dcmpi.o(x$fpl$dcmpinf)
    x$fpl$ddiv                               0x00004774   Section      688  ddiv.o(x$fpl$ddiv)
    ddiv_entry                               0x0000477b   Thumb Code     0  ddiv.o(x$fpl$ddiv)
    x$fpl$deqf                               0x00004a24   Section      120  deqf.o(x$fpl$deqf)
    x$fpl$dfix                               0x00004a9c   Section       94  dfix.o(x$fpl$dfix)
    x$fpl$dfixu                              0x00004afc   Section       90  dfixu.o(x$fpl$dfixu)
    x$fpl$dflt                               0x00004b56   Section       46  dflt_clz.o(x$fpl$dflt)
    x$fpl$dfltu                              0x00004b84   Section       38  dflt_clz.o(x$fpl$dfltu)
    x$fpl$dleqf                              0x00004bac   Section      120  dleqf.o(x$fpl$dleqf)
    x$fpl$dmul                               0x00004c24   Section      340  dmul.o(x$fpl$dmul)
    x$fpl$dnaninf                            0x00004d78   Section      156  dnaninf.o(x$fpl$dnaninf)
    x$fpl$dretinf                            0x00004e14   Section       12  dretinf.o(x$fpl$dretinf)
    x$fpl$drleqf                             0x00004e20   Section      108  drleqf.o(x$fpl$drleqf)
    x$fpl$dsub                               0x00004e8c   Section      468  daddsub_clz.o(x$fpl$dsub)
    _dsub1                                   0x00004e9d   Thumb Code     0  daddsub_clz.o(x$fpl$dsub)
    x$fpl$f2d                                0x00005060   Section       86  f2d.o(x$fpl$f2d)
    x$fpl$fadd                               0x000050b8   Section      196  faddsub_clz.o(x$fpl$fadd)
    _fadd1                                   0x000050c7   Thumb Code     0  faddsub_clz.o(x$fpl$fadd)
    x$fpl$fcheck1                            0x0000517c   Section       12  fcheck1.o(x$fpl$fcheck1)
    x$fpl$fcmpinf                            0x00005188   Section       24  fcmpi.o(x$fpl$fcmpinf)
    x$fpl$fdiv                               0x000051a0   Section      388  fdiv.o(x$fpl$fdiv)
    _fdiv1                                   0x000051a1   Thumb Code     0  fdiv.o(x$fpl$fdiv)
    x$fpl$ffix                               0x00005324   Section       54  ffix.o(x$fpl$ffix)
    x$fpl$ffixu                              0x0000535c   Section       62  ffixu.o(x$fpl$ffixu)
    x$fpl$fflt                               0x0000539c   Section       48  fflt_clz.o(x$fpl$fflt)
    x$fpl$ffltu                              0x000053cc   Section       38  fflt_clz.o(x$fpl$ffltu)
    x$fpl$fleqf                              0x000053f4   Section      104  fleqf.o(x$fpl$fleqf)
    x$fpl$fmul                               0x0000545c   Section      258  fmul.o(x$fpl$fmul)
    x$fpl$fnaninf                            0x0000555e   Section      140  fnaninf.o(x$fpl$fnaninf)
    x$fpl$fretinf                            0x000055ea   Section       10  fretinf.o(x$fpl$fretinf)
    x$fpl$frleqf                             0x000055f4   Section       98  frleqf.o(x$fpl$frleqf)
    x$fpl$frnd                               0x00005658   Section       96  frnd.o(x$fpl$frnd)
    x$fpl$frsb                               0x000056b8   Section       20  faddsub_clz.o(x$fpl$frsb)
    x$fpl$fsub                               0x000056cc   Section      234  faddsub_clz.o(x$fpl$fsub)
    _fsub1                                   0x000056db   Thumb Code     0  faddsub_clz.o(x$fpl$fsub)
    x$fpl$retnan                             0x000057b6   Section      100  retnan.o(x$fpl$retnan)
    x$fpl$scalbnf                            0x0000581a   Section       76  scalbnf.o(x$fpl$scalbnf)
    x$fpl$trapveneer                         0x00005866   Section       48  trapv.o(x$fpl$trapveneer)
    .constdata                               0x00005896   Section     1520  main.o(.constdata)
    AsciiLib                                 0x00005896   Data        1520  main.o(.constdata)
    .constdata                               0x00005e88   Section       32  rredf.o(.constdata)
    twooverpi                                0x00005e88   Data          32  rredf.o(.constdata)
    locale$$data                             0x00005ed8   Section      272  lc_ctype_c.o(locale$$data)
    __lcctype_c_name                         0x00005edc   Data           2  lc_ctype_c.o(locale$$data)
    __lcctype_c_start                        0x00005ee4   Data           0  lc_ctype_c.o(locale$$data)
    __lcctype_c_end                          0x00005fe8   Data           0  lc_ctype_c.o(locale$$data)
    .bss                                     0x10000000   Section     1336  main.o(.bss)
    sample_table                             0x10000000   Data          32  main.o(.bss)
    rx_fifo                                  0x10000020   Data         524  main.o(.bss)
    tx_fifo                                  0x1000022c   Data         524  main.o(.bss)
    .data                                    0x2007c000   Section       80  main.o(.data)
    sample_idx                               0x2007c000   Data           1  main.o(.data)
    batteryInit                              0x2007c015   Data           1  main.o(.data)
    speedInit                                0x2007c016   Data           1  main.o(.data)
    T_Speed                                  0x2007c020   Data           4  main.o(.data)
    LCD_Code                                 0x2007c047   Data           1  main.o(.data)
    uart_err_flag                            0x2007c048   Data           4  main.o(.data)
    rx_err_flag                              0x2007c04c   Data           4  main.o(.data)
    .data                                    0x2007c050   Section        4  system_lpc17xx.o(.data)
    .bss                                     0x2007c054   Section       96  libspace.o(.bss)
    HEAP                                     0x2007c0b8   Section        0  startup_lpc17xx.o(HEAP)
    STACK                                    0x2007c0b8   Section      512  startup_lpc17xx.o(STACK)
    Heap_Mem                                 0x2007c0b8   Data           0  startup_lpc17xx.o(HEAP)
    Stack_Mem                                0x2007c0b8   Data         512  startup_lpc17xx.o(STACK)
    __initial_sp                             0x2007c2b8   Data           0  startup_lpc17xx.o(STACK)

    Global Symbols

    Symbol Name                              Value     Ov Type        Size  Object(Section)

    BuildAttributes$$THM_ISAv4$P$D$K$B$S$PE$A:L22UL41UL21$X:L11$S22US41US21$IEEE1$IW$USESV6$~STKCKD$USESV7$~SHL$OTIME$ROPI$IEEEX$EBA8$UX$STANDARDLIB$REQ8$PRES8$EABIv2 0x00000000   Number         0  anon$$obj.o ABSOLUTE
    __ARM_use_no_argv                        0x00000000   Number         0  main.o ABSOLUTE
    __Vectors                                0x00000000   Data           4  startup_lpc17xx.o(RESET)
    __ARM_exceptions_init                     - Undefined Weak Reference
    __alloca_initialize                       - Undefined Weak Reference
    __arm_preinit_                            - Undefined Weak Reference
    __cpp_initialize__aeabi_                  - Undefined Weak Reference
    __cxa_finalize                            - Undefined Weak Reference
    __sigvec_lookup                           - Undefined Weak Reference
    _atexit_init                              - Undefined Weak Reference
    _call_atexit_fns                          - Undefined Weak Reference
    _clock_init                               - Undefined Weak Reference
    _fp_trap_init                             - Undefined Weak Reference
    _fp_trap_shutdown                         - Undefined Weak Reference
    _get_lc_collate                           - Undefined Weak Reference
    _get_lc_monetary                          - Undefined Weak Reference
    _get_lc_numeric                           - Undefined Weak Reference
    _get_lc_time                              - Undefined Weak Reference
    _getenv_init                              - Undefined Weak Reference
    _handle_redirection                       - Undefined Weak Reference
    _init_alloc                               - Undefined Weak Reference
    _init_user_alloc                          - Undefined Weak Reference
    _initio                                   - Undefined Weak Reference
    _rand_init                                - Undefined Weak Reference
    _signal_finish                            - Undefined Weak Reference
    _signal_init                              - Undefined Weak Reference
    _terminate_alloc                          - Undefined Weak Reference
    _terminate_user_alloc                     - Undefined Weak Reference
    _terminateio                              - Undefined Weak Reference
    __main                                   0x000000cd   Thumb Code     8  __main.o(!!!main)
    __scatterload                            0x000000d5   Thumb Code     0  __scatter.o(!!!scatter)
    __scatterload_rt2                        0x000000d5   Thumb Code    44  __scatter.o(!!!scatter)
    __scatterload_rt2_thumb_only             0x000000d5   Thumb Code     0  __scatter.o(!!!scatter)
    __scatterload_null                       0x000000e3   Thumb Code     0  __scatter.o(!!!scatter)
    __scatterload_copy                       0x00000109   Thumb Code    26  __scatter_copy.o(!!handler_copy)
    __scatterload_zeroinit                   0x00000125   Thumb Code    28  __scatter_zi.o(!!handler_zi)
    __rt_lib_init                            0x00000141   Thumb Code     0  libinit.o(.ARM.Collect$$libinit$$00000000)
    __rt_lib_init_fp_1                       0x00000143   Thumb Code     0  libinit2.o(.ARM.Collect$$libinit$$00000002)
    __rt_lib_init_heap_1                     0x00000143   Thumb Code     0  libinit2.o(.ARM.Collect$$libinit$$0000000A)
    __rt_lib_init_lc_common                  0x00000143   Thumb Code     0  libinit2.o(.ARM.Collect$$libinit$$0000000F)
    __rt_lib_init_preinit_1                  0x00000143   Thumb Code     0  libinit2.o(.ARM.Collect$$libinit$$00000004)
    __rt_lib_init_rand_1                     0x00000143   Thumb Code     0  libinit2.o(.ARM.Collect$$libinit$$0000000E)
    __rt_lib_init_user_alloc_1               0x00000143   Thumb Code     0  libinit2.o(.ARM.Collect$$libinit$$0000000C)
    __rt_lib_init_lc_collate_1               0x00000149   Thumb Code     0  libinit2.o(.ARM.Collect$$libinit$$00000011)
    __rt_lib_init_lc_ctype_2                 0x00000149   Thumb Code     0  libinit2.o(.ARM.Collect$$libinit$$00000012)
    __rt_lib_init_alloca_1                   0x00000155   Thumb Code     0  libinit2.o(.ARM.Collect$$libinit$$0000002E)
    __rt_lib_init_argv_1                     0x00000155   Thumb Code     0  libinit2.o(.ARM.Collect$$libinit$$0000002C)
    __rt_lib_init_atexit_1                   0x00000155   Thumb Code     0  libinit2.o(.ARM.Collect$$libinit$$0000001B)
    __rt_lib_init_clock_1                    0x00000155   Thumb Code     0  libinit2.o(.ARM.Collect$$libinit$$00000021)
    __rt_lib_init_cpp_1                      0x00000155   Thumb Code     0  libinit2.o(.ARM.Collect$$libinit$$00000032)
    __rt_lib_init_exceptions_1               0x00000155   Thumb Code     0  libinit2.o(.ARM.Collect$$libinit$$00000030)
    __rt_lib_init_fp_trap_1                  0x00000155   Thumb Code     0  libinit2.o(.ARM.Collect$$libinit$$0000001F)
    __rt_lib_init_getenv_1                   0x00000155   Thumb Code     0  libinit2.o(.ARM.Collect$$libinit$$00000023)
    __rt_lib_init_lc_ctype_1                 0x00000155   Thumb Code     0  libinit2.o(.ARM.Collect$$libinit$$00000013)
    __rt_lib_init_lc_monetary_1              0x00000155   Thumb Code     0  libinit2.o(.ARM.Collect$$libinit$$00000015)
    __rt_lib_init_lc_numeric_1               0x00000155   Thumb Code     0  libinit2.o(.ARM.Collect$$libinit$$00000017)
    __rt_lib_init_lc_time_1                  0x00000155   Thumb Code     0  libinit2.o(.ARM.Collect$$libinit$$00000019)
    __rt_lib_init_return                     0x00000155   Thumb Code     0  libinit2.o(.ARM.Collect$$libinit$$00000033)
    __rt_lib_init_signal_1                   0x00000155   Thumb Code     0  libinit2.o(.ARM.Collect$$libinit$$0000001D)
    __rt_lib_init_stdio_1                    0x00000155   Thumb Code     0  libinit2.o(.ARM.Collect$$libinit$$00000025)
    __rt_lib_shutdown                        0x00000157   Thumb Code     0  libshutdown.o(.ARM.Collect$$libshutdown$$00000000)
    __rt_lib_shutdown_cpp_1                  0x00000159   Thumb Code     0  libshutdown2.o(.ARM.Collect$$libshutdown$$00000002)
    __rt_lib_shutdown_fp_trap_1              0x00000159   Thumb Code     0  libshutdown2.o(.ARM.Collect$$libshutdown$$00000007)
    __rt_lib_shutdown_heap_1                 0x00000159   Thumb Code     0  libshutdown2.o(.ARM.Collect$$libshutdown$$0000000F)
    __rt_lib_shutdown_return                 0x00000159   Thumb Code     0  libshutdown2.o(.ARM.Collect$$libshutdown$$00000010)
    __rt_lib_shutdown_signal_1               0x00000159   Thumb Code     0  libshutdown2.o(.ARM.Collect$$libshutdown$$0000000A)
    __rt_lib_shutdown_stdio_1                0x00000159   Thumb Code     0  libshutdown2.o(.ARM.Collect$$libshutdown$$00000004)
    __rt_lib_shutdown_user_alloc_1           0x00000159   Thumb Code     0  libshutdown2.o(.ARM.Collect$$libshutdown$$0000000C)
    __rt_entry                               0x0000015b   Thumb Code     0  __rtentry.o(.ARM.Collect$$rtentry$$00000000)
    __rt_entry_presh_1                       0x0000015b   Thumb Code     0  __rtentry2.o(.ARM.Collect$$rtentry$$00000002)
    __rt_entry_sh                            0x0000015b   Thumb Code     0  __rtentry4.o(.ARM.Collect$$rtentry$$00000004)
    __rt_entry_li                            0x00000161   Thumb Code     0  __rtentry2.o(.ARM.Collect$$rtentry$$0000000A)
    __rt_entry_postsh_1                      0x00000161   Thumb Code     0  __rtentry2.o(.ARM.Collect$$rtentry$$00000009)
    __rt_entry_main                          0x00000165   Thumb Code     0  __rtentry2.o(.ARM.Collect$$rtentry$$0000000D)
    __rt_entry_postli_1                      0x00000165   Thumb Code     0  __rtentry2.o(.ARM.Collect$$rtentry$$0000000C)
    __rt_exit                                0x0000016d   Thumb Code     0  rtexit.o(.ARM.Collect$$rtexit$$00000000)
    __rt_exit_ls                             0x0000016f   Thumb Code     0  rtexit2.o(.ARM.Collect$$rtexit$$00000003)
    __rt_exit_prels_1                        0x0000016f   Thumb Code     0  rtexit2.o(.ARM.Collect$$rtexit$$00000002)
    __rt_exit_exit                           0x00000173   Thumb Code     0  rtexit2.o(.ARM.Collect$$rtexit$$00000004)
    Reset_Handler                            0x00000179   Thumb Code     8  startup_lpc17xx.o(.text)
    NMI_Handler                              0x00000181   Thumb Code     2  startup_lpc17xx.o(.text)
    HardFault_Handler                        0x00000183   Thumb Code     2  startup_lpc17xx.o(.text)
    MemManage_Handler                        0x00000185   Thumb Code     2  startup_lpc17xx.o(.text)
    BusFault_Handler                         0x00000187   Thumb Code     2  startup_lpc17xx.o(.text)
    UsageFault_Handler                       0x00000189   Thumb Code     2  startup_lpc17xx.o(.text)
    SVC_Handler                              0x0000018b   Thumb Code     2  startup_lpc17xx.o(.text)
    DebugMon_Handler                         0x0000018d   Thumb Code     2  startup_lpc17xx.o(.text)
    PendSV_Handler                           0x0000018f   Thumb Code     2  startup_lpc17xx.o(.text)
    SysTick_Handler                          0x00000191   Thumb Code     2  startup_lpc17xx.o(.text)
    BOD_IRQHandler                           0x00000193   Thumb Code     0  startup_lpc17xx.o(.text)
    CANActivity_IRQHandler                   0x00000193   Thumb Code     0  startup_lpc17xx.o(.text)
    CAN_IRQHandler                           0x00000193   Thumb Code     0  startup_lpc17xx.o(.text)
    DMA_IRQHandler                           0x00000193   Thumb Code     0  startup_lpc17xx.o(.text)
    EINT0_IRQHandler                         0x00000193   Thumb Code     0  startup_lpc17xx.o(.text)
    EINT1_IRQHandler                         0x00000193   Thumb Code     0  startup_lpc17xx.o(.text)
    EINT2_IRQHandler                         0x00000193   Thumb Code     0  startup_lpc17xx.o(.text)
    EINT3_IRQHandler                         0x00000193   Thumb Code     0  startup_lpc17xx.o(.text)
    ENET_IRQHandler                          0x00000193   Thumb Code     0  startup_lpc17xx.o(.text)
    I2C0_IRQHandler                          0x00000193   Thumb Code     0  startup_lpc17xx.o(.text)
    I2C1_IRQHandler                          0x00000193   Thumb Code     0  startup_lpc17xx.o(.text)
    I2C2_IRQHandler                          0x00000193   Thumb Code     0  startup_lpc17xx.o(.text)
    I2S_IRQHandler                           0x00000193   Thumb Code     0  startup_lpc17xx.o(.text)
    MCPWM_IRQHandler                         0x00000193   Thumb Code     0  startup_lpc17xx.o(.text)
    PLL0_IRQHandler                          0x00000193   Thumb Code     0  startup_lpc17xx.o(.text)
    PLL1_IRQHandler                          0x00000193   Thumb Code     0  startup_lpc17xx.o(.text)
    PWM1_IRQHandler                          0x00000193   Thumb Code     0  startup_lpc17xx.o(.text)
    RIT_IRQHandler                           0x00000193   Thumb Code     0  startup_lpc17xx.o(.text)
    RTC_IRQHandler                           0x00000193   Thumb Code     0  startup_lpc17xx.o(.text)
    SPI_IRQHandler                           0x00000193   Thumb Code     0  startup_lpc17xx.o(.text)
    SSP0_IRQHandler                          0x00000193   Thumb Code     0  startup_lpc17xx.o(.text)
    SSP1_IRQHandler                          0x00000193   Thumb Code     0  startup_lpc17xx.o(.text)
    TIMER1_IRQHandler                        0x00000193   Thumb Code     0  startup_lpc17xx.o(.text)
    TIMER3_IRQHandler                        0x00000193   Thumb Code     0  startup_lpc17xx.o(.text)
    UART1_IRQHandler                         0x00000193   Thumb Code     0  startup_lpc17xx.o(.text)
    UART2_IRQHandler                         0x00000193   Thumb Code     0  startup_lpc17xx.o(.text)
    UART3_IRQHandler                         0x00000193   Thumb Code     0  startup_lpc17xx.o(.text)
    USBActivity_IRQHandler                   0x00000193   Thumb Code     0  startup_lpc17xx.o(.text)
    USB_IRQHandler                           0x00000193   Thumb Code     0  startup_lpc17xx.o(.text)
    WDT_IRQHandler                           0x00000193   Thumb Code     0  startup_lpc17xx.o(.text)
    __user_initial_stackheap                 0x00000195   Thumb Code     0  startup_lpc17xx.o(.text)
    atoi                                     0x000001b5   Thumb Code    26  atoi.o(.text)
    strlen                                   0x000001cf   Thumb Code    62  strlen.o(.text)
    __aeabi_memcpy                           0x0000020d   Thumb Code     0  rt_memcpy_v6.o(.text)
    __rt_memcpy                              0x0000020d   Thumb Code   138  rt_memcpy_v6.o(.text)
    _memcpy_lastbytes                        0x00000273   Thumb Code     0  rt_memcpy_v6.o(.text)
    __use_two_region_memory                  0x00000297   Thumb Code     2  heapauxi.o(.text)
    __rt_heap_escrow$2region                 0x00000299   Thumb Code     2  heapauxi.o(.text)
    __rt_heap_expand$2region                 0x0000029b   Thumb Code     2  heapauxi.o(.text)
    __aeabi_errno_addr                       0x0000029d   Thumb Code     8  rt_errno_addr_intlibspace.o(.text)
    __errno$intlibspace                      0x0000029d   Thumb Code     0  rt_errno_addr_intlibspace.o(.text)
    __rt_errno_addr$intlibspace              0x0000029d   Thumb Code     0  rt_errno_addr_intlibspace.o(.text)
    __read_errno                             0x000002a5   Thumb Code    10  _rserrno.o(.text)
    __set_errno                              0x000002af   Thumb Code    12  _rserrno.o(.text)
    __user_libspace                          0x000002bd   Thumb Code     8  libspace.o(.text)
    __user_perproc_libspace                  0x000002bd   Thumb Code     0  libspace.o(.text)
    __user_perthread_libspace                0x000002bd   Thumb Code     0  libspace.o(.text)
    __rt_ctype_table                         0x000002c5   Thumb Code    16  rt_ctype_table.o(.text)
    __rt_locale                              0x000002d5   Thumb Code     8  rt_locale_intlibspace.o(.text)
    _chval                                   0x000002dd   Thumb Code    28  _chval.o(.text)
    __I$use$semihosting                      0x000002f9   Thumb Code     0  use_no_semi.o(.text)
    __use_no_semihosting_swi                 0x000002f9   Thumb Code     2  use_no_semi.o(.text)
    __I$use$fp                               0x000002fa   Number         0  usenofp.o(x$fpl$usenofp)
    __semihosting_library_function           0x000002fb   Thumb Code     0  indicate_semi.o(.text)
    strtol                                   0x00000301   Thumb Code   112  strtol.o(.text)
    __aeabi_memcpy4                          0x00000371   Thumb Code     0  rt_memcpy_w.o(.text)
    __aeabi_memcpy8                          0x00000371   Thumb Code     0  rt_memcpy_w.o(.text)
    __rt_memcpy_w                            0x00000371   Thumb Code   100  rt_memcpy_w.o(.text)
    _memcpy_lastbytes_aligned                0x000003b9   Thumb Code     0  rt_memcpy_w.o(.text)
    _strtoul                                 0x000003d5   Thumb Code   158  _strtoul.o(.text)
    __user_setup_stackheap                   0x00000473   Thumb Code    74  sys_stackheap_outer.o(.text)
    exit                                     0x000004bd   Thumb Code    18  exit.o(.text)
    strcmp                                   0x000004d1   Thumb Code   128  strcmpv7m.o(.text)
    _sys_exit                                0x00000551   Thumb Code     8  sys_exit.o(.text)
    ADC_IRQHandler                           0x0000055d   Thumb Code   210  main.o(i.ADC_IRQHandler)
    ADC_init                                 0x00000659   Thumb Code   182  main.o(i.ADC_init)
    GUI_Text                                 0x00000721   Thumb Code    80  main.o(i.GUI_Text)
    GetASCIICode                             0x00000771   Thumb Code    26  main.o(i.GetASCIICode)
    LCD_Initializtion                        0x000007c1   Thumb Code  9746  main.o(i.LCD_Initializtion)
    LCD_SetPoint                             0x00002dd9   Thumb Code   608  main.o(i.LCD_SetPoint)
    PutChar                                  0x0000303d   Thumb Code   100  main.o(i.PutChar)
    QEI_IRQHandler                           0x000030a1   Thumb Code    34  main.o(i.QEI_IRQHandler)
    QEI_config                               0x000030cd   Thumb Code   276  main.o(i.QEI_config)
    QEI_get_speed                            0x00003209   Thumb Code   122  main.o(i.QEI_get_speed)
    QEI_go_front                             0x0000329d   Thumb Code   572  main.o(i.QEI_go_front)
    QEI_turn_vehicle                         0x00003515   Thumb Code   424  main.o(i.QEI_turn_vehicle)
    SystemInit                               0x00003701   Thumb Code   302  system_lpc17xx.o(i.SystemInit)
    TIMER0_IRQHandler                        0x00003841   Thumb Code    78  main.o(i.TIMER0_IRQHandler)
    TIMER2_IRQHandler                        0x0000389d   Thumb Code    20  main.o(i.TIMER2_IRQHandler)
    UART0_IRQHandler                         0x000038b5   Thumb Code    58  main.o(i.UART0_IRQHandler)
    __ARM_fpclassifyf                        0x00003901   Thumb Code    38  fpclassifyf.o(i.__ARM_fpclassifyf)
    __mathlib_flt_infnan                     0x00003971   Thumb Code     6  funder.o(i.__mathlib_flt_infnan)
    __mathlib_flt_invalid                    0x00003977   Thumb Code     8  funder.o(i.__mathlib_flt_invalid)
    __mathlib_flt_underflow                  0x0000397f   Thumb Code    10  funder.o(i.__mathlib_flt_underflow)
    __mathlib_rredf2                         0x00003989   Thumb Code   344  rredf.o(i.__mathlib_rredf2)
    alarm_gen_sample                         0x00003af1   Thumb Code    38  main.o(i.alarm_gen_sample)
    alarm_init                               0x00003b25   Thumb Code   138  main.o(i.alarm_init)
    alarm_set_freq                           0x00003bd1   Thumb Code   136  main.o(i.alarm_set_freq)
    battery_sampling_init                    0x00003c61   Thumb Code   144  main.o(i.battery_sampling_init)
    delimitedChar                            0x00003d2b   Thumb Code    38  main.o(i.delimitedChar)
    fifo_get_nb                              0x00003d7b   Thumb Code    52  main.o(i.fifo_get_nb)
    fifo_init                                0x00003daf   Thumb Code    12  main.o(i.fifo_init)
    fifo_put_nb                              0x00003dbb   Thumb Code    50  main.o(i.fifo_put_nb)
    get_speed                                0x00003ded   Thumb Code     6  main.o(i.get_speed)
    int_to_char                              0x00003df9   Thumb Code   120  main.o(i.int_to_char)
    main                                     0x00003e71   Thumb Code   324  main.o(i.main)
    pwm_config                               0x00004045   Thumb Code   114  main.o(i.pwm_config)
    pwm_set_duty_cycle                       0x000040d1   Thumb Code   200  main.o(i.pwm_set_duty_cycle)
    pwm_stop                                 0x000041a1   Thumb Code    34  main.o(i.pwm_stop)
    sinf                                     0x000041e9   Thumb Code   338  sinf.o(i.sinf)
    speed_get_value                          0x00004371   Thumb Code    50  main.o(i.speed_get_value)
    uart0_fputs                              0x000043b1   Thumb Code    56  main.o(i.uart0_fputs)
    uart0_gets                               0x000043f1   Thumb Code    52  main.o(i.uart0_gets)
    uart0_init                               0x00004429   Thumb Code    58  main.o(i.uart0_init)
    _get_lc_ctype                            0x0000457d   Thumb Code    44  lc_ctype_c.o(locale$$code)
    __aeabi_d2f                              0x000045a9   Thumb Code     0  d2f.o(x$fpl$d2f)
    _d2f                                     0x000045a9   Thumb Code    98  d2f.o(x$fpl$d2f)
    __aeabi_dadd                             0x0000460d   Thumb Code     0  daddsub_clz.o(x$fpl$dadd)
    _dadd                                    0x0000460d   Thumb Code   332  daddsub_clz.o(x$fpl$dadd)
    __fpl_dcmp_Inf                           0x0000475d   Thumb Code    24  dcmpi.o(x$fpl$dcmpinf)
    __aeabi_ddiv                             0x00004775   Thumb Code     0  ddiv.o(x$fpl$ddiv)
    _ddiv                                    0x00004775   Thumb Code   552  ddiv.o(x$fpl$ddiv)
    __aeabi_cdcmpeq                          0x00004a25   Thumb Code     0  deqf.o(x$fpl$deqf)
    _dcmpeq                                  0x00004a25   Thumb Code   120  deqf.o(x$fpl$deqf)
    __aeabi_d2iz                             0x00004a9d   Thumb Code     0  dfix.o(x$fpl$dfix)
    _dfix                                    0x00004a9d   Thumb Code    94  dfix.o(x$fpl$dfix)
    __aeabi_d2uiz                            0x00004afd   Thumb Code     0  dfixu.o(x$fpl$dfixu)
    _dfixu                                   0x00004afd   Thumb Code    90  dfixu.o(x$fpl$dfixu)
    __aeabi_i2d                              0x00004b57   Thumb Code     0  dflt_clz.o(x$fpl$dflt)
    _dflt                                    0x00004b57   Thumb Code    46  dflt_clz.o(x$fpl$dflt)
    __aeabi_ui2d                             0x00004b85   Thumb Code     0  dflt_clz.o(x$fpl$dfltu)
    _dfltu                                   0x00004b85   Thumb Code    38  dflt_clz.o(x$fpl$dfltu)
    __aeabi_cdcmple                          0x00004bad   Thumb Code     0  dleqf.o(x$fpl$dleqf)
    _dcmple                                  0x00004bad   Thumb Code   120  dleqf.o(x$fpl$dleqf)
    __fpl_dcmple_InfNaN                      0x00004c0f   Thumb Code     0  dleqf.o(x$fpl$dleqf)
    __aeabi_dmul                             0x00004c25   Thumb Code     0  dmul.o(x$fpl$dmul)
    _dmul                                    0x00004c25   Thumb Code   332  dmul.o(x$fpl$dmul)
    __fpl_dnaninf                            0x00004d79   Thumb Code   156  dnaninf.o(x$fpl$dnaninf)
    __fpl_dretinf                            0x00004e15   Thumb Code    12  dretinf.o(x$fpl$dretinf)
    __aeabi_cdrcmple                         0x00004e21   Thumb Code     0  drleqf.o(x$fpl$drleqf)
    _drcmple                                 0x00004e21   Thumb Code   108  drleqf.o(x$fpl$drleqf)
    __aeabi_dsub                             0x00004e8d   Thumb Code     0  daddsub_clz.o(x$fpl$dsub)
    _dsub                                    0x00004e8d   Thumb Code   464  daddsub_clz.o(x$fpl$dsub)
    __aeabi_f2d                              0x00005061   Thumb Code     0  f2d.o(x$fpl$f2d)
    _f2d                                     0x00005061   Thumb Code    86  f2d.o(x$fpl$f2d)
    __aeabi_fadd                             0x000050b9   Thumb Code     0  faddsub_clz.o(x$fpl$fadd)
    _fadd                                    0x000050b9   Thumb Code   196  faddsub_clz.o(x$fpl$fadd)
    __fpl_fcheck_NaN1                        0x0000517d   Thumb Code     6  fcheck1.o(x$fpl$fcheck1)
    __fpl_fcmp_Inf                           0x00005189   Thumb Code    24  fcmpi.o(x$fpl$fcmpinf)
    __aeabi_fdiv                             0x000051a1   Thumb Code     0  fdiv.o(x$fpl$fdiv)
    _fdiv                                    0x000051a1   Thumb Code   384  fdiv.o(x$fpl$fdiv)
    __aeabi_f2iz                             0x00005325   Thumb Code     0  ffix.o(x$fpl$ffix)
    _ffix                                    0x00005325   Thumb Code    54  ffix.o(x$fpl$ffix)
    __aeabi_f2uiz                            0x0000535d   Thumb Code     0  ffixu.o(x$fpl$ffixu)
    _ffixu                                   0x0000535d   Thumb Code    62  ffixu.o(x$fpl$ffixu)
    __aeabi_i2f                              0x0000539d   Thumb Code     0  fflt_clz.o(x$fpl$fflt)
    _fflt                                    0x0000539d   Thumb Code    48  fflt_clz.o(x$fpl$fflt)
    __aeabi_ui2f                             0x000053cd   Thumb Code     0  fflt_clz.o(x$fpl$ffltu)
    _ffltu                                   0x000053cd   Thumb Code    38  fflt_clz.o(x$fpl$ffltu)
    __aeabi_cfcmple                          0x000053f5   Thumb Code     0  fleqf.o(x$fpl$fleqf)
    _fcmple                                  0x000053f5   Thumb Code   104  fleqf.o(x$fpl$fleqf)
    __fpl_fcmple_InfNaN                      0x00005447   Thumb Code     0  fleqf.o(x$fpl$fleqf)
    __aeabi_fmul                             0x0000545d   Thumb Code     0  fmul.o(x$fpl$fmul)
    _fmul                                    0x0000545d   Thumb Code   258  fmul.o(x$fpl$fmul)
    __fpl_fnaninf                            0x0000555f   Thumb Code   140  fnaninf.o(x$fpl$fnaninf)
    __fpl_fretinf                            0x000055eb   Thumb Code    10  fretinf.o(x$fpl$fretinf)
    __aeabi_cfrcmple                         0x000055f5   Thumb Code     0  frleqf.o(x$fpl$frleqf)
    _frcmple                                 0x000055f5   Thumb Code    98  frleqf.o(x$fpl$frleqf)
    _frnd                                    0x00005659   Thumb Code    96  frnd.o(x$fpl$frnd)
    __aeabi_frsub                            0x000056b9   Thumb Code     0  faddsub_clz.o(x$fpl$frsb)
    _frsb                                    0x000056b9   Thumb Code    20  faddsub_clz.o(x$fpl$frsb)
    __aeabi_fsub                             0x000056cd   Thumb Code     0  faddsub_clz.o(x$fpl$fsub)
    _fsub                                    0x000056cd   Thumb Code   234  faddsub_clz.o(x$fpl$fsub)
    __fpl_return_NaN                         0x000057b7   Thumb Code   100  retnan.o(x$fpl$retnan)
    __ARM_scalbnf                            0x0000581b   Thumb Code    76  scalbnf.o(x$fpl$scalbnf)
    __fpl_cmpreturn                          0x00005867   Thumb Code    48  trapv.o(x$fpl$trapveneer)
    Region$$Table$$Base                      0x00005ea8   Number         0  anon$$obj.o(Region$$Table)
    Region$$Table$$Limit                     0x00005ed8   Number         0  anon$$obj.o(Region$$Table)
    __ctype                                  0x00005ee5   Data           0  lc_ctype_c.o(locale$$data)
    tx_msg                                   0x10000438   Data         128  main.o(.bss)
    rx_msg                                   0x100004b8   Data         128  main.o(.bss)
    speed                                    0x2007c004   Data           4  main.o(.data)
    speedPtr                                 0x2007c008   Data           4  main.o(.data)
    batValue                                 0x2007c00c   Data           4  main.o(.data)
    batVauePtr                               0x2007c010   Data           4  main.o(.data)
    speedTimerTrigger                        0x2007c014   Data           1  main.o(.data)
    batteryTrigger                           0x2007c017   Data           1  main.o(.data)
    speedTrigger                             0x2007c018   Data           1  main.o(.data)
    batteryMinValue                          0x2007c01c   Data           4  main.o(.data)
    qei_pos                                  0x2007c024   Data           4  main.o(.data)
    qei_speed                                0x2007c028   Data           4  main.o(.data)
    qei_err                                  0x2007c02c   Data           4  main.o(.data)
    rpm                                      0x2007c030   Data           4  main.o(.data)
    cm                                       0x2007c034   Data           4  main.o(.data)
    dir                                      0x2007c038   Data           4  main.o(.data)
    qei_pos_old                              0x2007c03c   Data           4  main.o(.data)
    totalDistance                            0x2007c040   Data           4  main.o(.data)
    buffer                                   0x2007c044   Data           3  main.o(.data)
    SystemCoreClock                          0x2007c050   Data           4  system_lpc17xx.o(.data)
    __libspace_start                         0x2007c054   Data          96  libspace.o(.bss)
    __temporary_stack_top$libspace           0x2007c0b4   Data           0  libspace.o(.bss)



==============================================================================

Memory Map of the image

  Image Entry point : 0x000000cd

  Load Region LR_IROM1 (Base: 0x00000000, Size: 0x0000603c, Max: 0x00080000, ABSOLUTE)

    Execution Region ER_IROM1 (Exec base: 0x00000000, Load base: 0x00000000, Size: 0x00005fe8, Max: 0x00080000, ABSOLUTE)

    Exec Addr    Load Addr    Size         Type   Attr      Idx    E Section Name        Object

    0x00000000   0x00000000   0x000000cc   Data   RO          419    RESET               startup_lpc17xx.o
    0x000000cc   0x000000cc   0x00000008   Code   RO          479  * !!!main             c_w.l(__main.o)
    0x000000d4   0x000000d4   0x00000034   Code   RO          789    !!!scatter          c_w.l(__scatter.o)
    0x00000108   0x00000108   0x0000001a   Code   RO          791    !!handler_copy      c_w.l(__scatter_copy.o)
    0x00000122   0x00000122   0x00000002   PAD
    0x00000124   0x00000124   0x0000001c   Code   RO          793    !!handler_zi        c_w.l(__scatter_zi.o)
    0x00000140   0x00000140   0x00000002   Code   RO          654    .ARM.Collect$$libinit$$00000000  c_w.l(libinit.o)
    0x00000142   0x00000142   0x00000000   Code   RO          668    .ARM.Collect$$libinit$$00000002  c_w.l(libinit2.o)
    0x00000142   0x00000142   0x00000000   Code   RO          670    .ARM.Collect$$libinit$$00000004  c_w.l(libinit2.o)
    0x00000142   0x00000142   0x00000000   Code   RO          673    .ARM.Collect$$libinit$$0000000A  c_w.l(libinit2.o)
    0x00000142   0x00000142   0x00000000   Code   RO          675    .ARM.Collect$$libinit$$0000000C  c_w.l(libinit2.o)
    0x00000142   0x00000142   0x00000000   Code   RO          677    .ARM.Collect$$libinit$$0000000E  c_w.l(libinit2.o)
    0x00000142   0x00000142   0x00000006   Code   RO          678    .ARM.Collect$$libinit$$0000000F  c_w.l(libinit2.o)
    0x00000148   0x00000148   0x00000000   Code   RO          680    .ARM.Collect$$libinit$$00000011  c_w.l(libinit2.o)
    0x00000148   0x00000148   0x0000000c   Code   RO          681    .ARM.Collect$$libinit$$00000012  c_w.l(libinit2.o)
    0x00000154   0x00000154   0x00000000   Code   RO          682    .ARM.Collect$$libinit$$00000013  c_w.l(libinit2.o)
    0x00000154   0x00000154   0x00000000   Code   RO          684    .ARM.Collect$$libinit$$00000015  c_w.l(libinit2.o)
    0x00000154   0x00000154   0x00000000   Code   RO          686    .ARM.Collect$$libinit$$00000017  c_w.l(libinit2.o)
    0x00000154   0x00000154   0x00000000   Code   RO          688    .ARM.Collect$$libinit$$00000019  c_w.l(libinit2.o)
    0x00000154   0x00000154   0x00000000   Code   RO          690    .ARM.Collect$$libinit$$0000001B  c_w.l(libinit2.o)
    0x00000154   0x00000154   0x00000000   Code   RO          692    .ARM.Collect$$libinit$$0000001D  c_w.l(libinit2.o)
    0x00000154   0x00000154   0x00000000   Code   RO          694    .ARM.Collect$$libinit$$0000001F  c_w.l(libinit2.o)
    0x00000154   0x00000154   0x00000000   Code   RO          696    .ARM.Collect$$libinit$$00000021  c_w.l(libinit2.o)
    0x00000154   0x00000154   0x00000000   Code   RO          698    .ARM.Collect$$libinit$$00000023  c_w.l(libinit2.o)
    0x00000154   0x00000154   0x00000000   Code   RO          700    .ARM.Collect$$libinit$$00000025  c_w.l(libinit2.o)
    0x00000154   0x00000154   0x00000000   Code   RO          704    .ARM.Collect$$libinit$$0000002C  c_w.l(libinit2.o)
    0x00000154   0x00000154   0x00000000   Code   RO          706    .ARM.Collect$$libinit$$0000002E  c_w.l(libinit2.o)
    0x00000154   0x00000154   0x00000000   Code   RO          708    .ARM.Collect$$libinit$$00000030  c_w.l(libinit2.o)
    0x00000154   0x00000154   0x00000000   Code   RO          710    .ARM.Collect$$libinit$$00000032  c_w.l(libinit2.o)
    0x00000154   0x00000154   0x00000002   Code   RO          711    .ARM.Collect$$libinit$$00000033  c_w.l(libinit2.o)
    0x00000156   0x00000156   0x00000002   Code   RO          746    .ARM.Collect$$libshutdown$$00000000  c_w.l(libshutdown.o)
    0x00000158   0x00000158   0x00000000   Code   RO          772    .ARM.Collect$$libshutdown$$00000002  c_w.l(libshutdown2.o)
    0x00000158   0x00000158   0x00000000   Code   RO          774    .ARM.Collect$$libshutdown$$00000004  c_w.l(libshutdown2.o)
    0x00000158   0x00000158   0x00000000   Code   RO          777    .ARM.Collect$$libshutdown$$00000007  c_w.l(libshutdown2.o)
    0x00000158   0x00000158   0x00000000   Code   RO          780    .ARM.Collect$$libshutdown$$0000000A  c_w.l(libshutdown2.o)
    0x00000158   0x00000158   0x00000000   Code   RO          782    .ARM.Collect$$libshutdown$$0000000C  c_w.l(libshutdown2.o)
    0x00000158   0x00000158   0x00000000   Code   RO          785    .ARM.Collect$$libshutdown$$0000000F  c_w.l(libshutdown2.o)
    0x00000158   0x00000158   0x00000002   Code   RO          786    .ARM.Collect$$libshutdown$$00000010  c_w.l(libshutdown2.o)
    0x0000015a   0x0000015a   0x00000000   Code   RO          553    .ARM.Collect$$rtentry$$00000000  c_w.l(__rtentry.o)
    0x0000015a   0x0000015a   0x00000000   Code   RO          609    .ARM.Collect$$rtentry$$00000002  c_w.l(__rtentry2.o)
    0x0000015a   0x0000015a   0x00000006   Code   RO          621    .ARM.Collect$$rtentry$$00000004  c_w.l(__rtentry4.o)
    0x00000160   0x00000160   0x00000000   Code   RO          611    .ARM.Collect$$rtentry$$00000009  c_w.l(__rtentry2.o)
    0x00000160   0x00000160   0x00000004   Code   RO          612    .ARM.Collect$$rtentry$$0000000A  c_w.l(__rtentry2.o)
    0x00000164   0x00000164   0x00000000   Code   RO          614    .ARM.Collect$$rtentry$$0000000C  c_w.l(__rtentry2.o)
    0x00000164   0x00000164   0x00000008   Code   RO          615    .ARM.Collect$$rtentry$$0000000D  c_w.l(__rtentry2.o)
    0x0000016c   0x0000016c   0x00000002   Code   RO          657    .ARM.Collect$$rtexit$$00000000  c_w.l(rtexit.o)
    0x0000016e   0x0000016e   0x00000000   Code   RO          717    .ARM.Collect$$rtexit$$00000002  c_w.l(rtexit2.o)
    0x0000016e   0x0000016e   0x00000004   Code   RO          718    .ARM.Collect$$rtexit$$00000003  c_w.l(rtexit2.o)
    0x00000172   0x00000172   0x00000006   Code   RO          719    .ARM.Collect$$rtexit$$00000004  c_w.l(rtexit2.o)
    0x00000178   0x00000178   0x0000003c   Code   RO          421    .text               startup_lpc17xx.o
    0x000001b4   0x000001b4   0x0000001a   Code   RO          471    .text               c_w.l(atoi.o)
    0x000001ce   0x000001ce   0x0000003e   Code   RO          473    .text               c_w.l(strlen.o)
    0x0000020c   0x0000020c   0x0000008a   Code   RO          475    .text               c_w.l(rt_memcpy_v6.o)
    0x00000296   0x00000296   0x00000006   Code   RO          477    .text               c_w.l(heapauxi.o)
    0x0000029c   0x0000029c   0x00000008   Code   RO          561    .text               c_w.l(rt_errno_addr_intlibspace.o)
    0x000002a4   0x000002a4   0x00000016   Code   RO          563    .text               c_w.l(_rserrno.o)
    0x000002ba   0x000002ba   0x00000002   PAD
    0x000002bc   0x000002bc   0x00000008   Code   RO          605    .text               c_w.l(libspace.o)
    0x000002c4   0x000002c4   0x00000010   Code   RO          623    .text               c_w.l(rt_ctype_table.o)
    0x000002d4   0x000002d4   0x00000008   Code   RO          636    .text               c_w.l(rt_locale_intlibspace.o)
    0x000002dc   0x000002dc   0x0000001c   Code   RO          638    .text               c_w.l(_chval.o)
    0x000002f8   0x000002f8   0x00000002   Code   RO          735    .text               c_w.l(use_no_semi.o)
    0x000002fa   0x000002fa   0x00000000   Code   RO          737    .text               c_w.l(indicate_semi.o)
    0x000002fa   0x000002fa   0x00000000   Code   RO          585    x$fpl$usenofp       fz_ws.l(usenofp.o)
    0x000002fa   0x000002fa   0x00000002   PAD
    0x000002fc   0x000002fc   0x00000004   Code   RO          420    .ARM.__at_0x02FC    startup_lpc17xx.o
    0x00000300   0x00000300   0x00000070   Code   RO          565    .text               c_w.l(strtol.o)
    0x00000370   0x00000370   0x00000064   Code   RO          567    .text               c_w.l(rt_memcpy_w.o)
    0x000003d4   0x000003d4   0x0000009e   Code   RO          627    .text               c_w.l(_strtoul.o)
    0x00000472   0x00000472   0x0000004a   Code   RO          631    .text               c_w.l(sys_stackheap_outer.o)
    0x000004bc   0x000004bc   0x00000012   Code   RO          643    .text               c_w.l(exit.o)
    0x000004ce   0x000004ce   0x00000002   PAD
    0x000004d0   0x000004d0   0x00000080   Code   RO          665    .text               c_w.l(strcmpv7m.o)
    0x00000550   0x00000550   0x0000000c   Code   RO          714    .text               c_w.l(sys_exit.o)
    0x0000055c   0x0000055c   0x000000fc   Code   RO            4    i.ADC_IRQHandler    main.o
    0x00000658   0x00000658   0x000000c8   Code   RO            5    i.ADC_init          main.o
    0x00000720   0x00000720   0x00000050   Code   RO            6    i.GUI_Text          main.o
    0x00000770   0x00000770   0x00000020   Code   RO            7    i.GetASCIICode      main.o
    0x00000790   0x00000790   0x00000030   Code   RO           10    i.LCD_Configuration  main.o
    0x000007c0   0x000007c0   0x00002618   Code   RO           13    i.LCD_Initializtion  main.o
    0x00002dd8   0x00002dd8   0x00000264   Code   RO           14    i.LCD_SetPoint      main.o
    0x0000303c   0x0000303c   0x00000064   Code   RO           15    i.PutChar           main.o
    0x000030a0   0x000030a0   0x0000002c   Code   RO           16    i.QEI_IRQHandler    main.o
    0x000030cc   0x000030cc   0x0000013c   Code   RO           17    i.QEI_config        main.o
    0x00003208   0x00003208   0x00000094   Code   RO           18    i.QEI_get_speed     main.o
    0x0000329c   0x0000329c   0x00000278   Code   RO           19    i.QEI_go_front      main.o
    0x00003514   0x00003514   0x000001ec   Code   RO           20    i.QEI_turn_vehicle  main.o
    0x00003700   0x00003700   0x00000140   Code   RO          431    i.SystemInit        system_lpc17xx.o
    0x00003840   0x00003840   0x0000005c   Code   RO           21    i.TIMER0_IRQHandler  main.o
    0x0000389c   0x0000389c   0x00000018   Code   RO           22    i.TIMER2_IRQHandler  main.o
    0x000038b4   0x000038b4   0x0000004c   Code   RO           23    i.UART0_IRQHandler  main.o
    0x00003900   0x00003900   0x00000026   Code   RO          586    i.__ARM_fpclassifyf  m_ws.l(fpclassifyf.o)
    0x00003926   0x00003926   0x00000022   Code   RO           24    i.__NVIC_EnableIRQ  main.o
    0x00003948   0x00003948   0x00000028   Code   RO           25    i.__NVIC_SetPriority  main.o
    0x00003970   0x00003970   0x00000006   Code   RO          589    i.__mathlib_flt_infnan  m_ws.l(funder.o)
    0x00003976   0x00003976   0x00000008   Code   RO          591    i.__mathlib_flt_invalid  m_ws.l(funder.o)
    0x0000397e   0x0000397e   0x0000000a   Code   RO          594    i.__mathlib_flt_underflow  m_ws.l(funder.o)
    0x00003988   0x00003988   0x00000168   Code   RO          602    i.__mathlib_rredf2  m_ws.l(rredf.o)
    0x00003af0   0x00003af0   0x00000034   Code   RO           26    i.alarm_gen_sample  main.o
    0x00003b24   0x00003b24   0x000000ac   Code   RO           27    i.alarm_init        main.o
    0x00003bd0   0x00003bd0   0x00000090   Code   RO           28    i.alarm_set_freq    main.o
    0x00003c60   0x00003c60   0x000000ac   Code   RO           29    i.battery_sampling_init  main.o
    0x00003d0c   0x00003d0c   0x0000001e   Code   RO           31    i.delay_ms          main.o
    0x00003d2a   0x00003d2a   0x00000026   Code   RO           32    i.delimitedChar     main.o
    0x00003d50   0x00003d50   0x0000000e   Code   RO           33    i.fifo_empty        main.o
    0x00003d5e   0x00003d5e   0x0000000a   Code   RO           34    i.fifo_flush        main.o
    0x00003d68   0x00003d68   0x00000012   Code   RO           35    i.fifo_full         main.o
    0x00003d7a   0x00003d7a   0x00000034   Code   RO           36    i.fifo_get_nb       main.o
    0x00003dae   0x00003dae   0x0000000c   Code   RO           37    i.fifo_init         main.o
    0x00003dba   0x00003dba   0x00000032   Code   RO           38    i.fifo_put_nb       main.o
    0x00003dec   0x00003dec   0x0000000c   Code   RO           39    i.get_speed         main.o
    0x00003df8   0x00003df8   0x00000078   Code   RO           40    i.int_to_char       main.o
    0x00003e70   0x00003e70   0x000001d4   Code   RO           41    i.main              main.o
    0x00004044   0x00004044   0x0000008c   Code   RO           42    i.pwm_config        main.o
    0x000040d0   0x000040d0   0x000000d0   Code   RO           45    i.pwm_set_duty_cycle  main.o
    0x000041a0   0x000041a0   0x00000028   Code   RO           47    i.pwm_stop          main.o
    0x000041c8   0x000041c8   0x00000020   Code   RO           48    i.send_byte         main.o
    0x000041e8   0x000041e8   0x00000188   Code   RO          546    i.sinf              m_ws.l(sinf.o)
    0x00004370   0x00004370   0x00000040   Code   RO           49    i.speed_get_value   main.o
    0x000043b0   0x000043b0   0x00000040   Code   RO           50    i.uart0_fputs       main.o
    0x000043f0   0x000043f0   0x00000038   Code   RO           52    i.uart0_gets        main.o
    0x00004428   0x00004428   0x0000004c   Code   RO           53    i.uart0_init        main.o
    0x00004474   0x00004474   0x00000108   Code   RO           58    i.uart0_set_baudrate  main.o
    0x0000457c   0x0000457c   0x0000002c   Code   RO          641    locale$$code        c_w.l(lc_ctype_c.o)
    0x000045a8   0x000045a8   0x00000062   Code   RO          481    x$fpl$d2f           fz_ws.l(d2f.o)
    0x0000460a   0x0000460a   0x00000002   PAD
    0x0000460c   0x0000460c   0x00000150   Code   RO          483    x$fpl$dadd          fz_ws.l(daddsub_clz.o)
    0x0000475c   0x0000475c   0x00000018   Code   RO          569    x$fpl$dcmpinf       fz_ws.l(dcmpi.o)
    0x00004774   0x00004774   0x000002b0   Code   RO          490    x$fpl$ddiv          fz_ws.l(ddiv.o)
    0x00004a24   0x00004a24   0x00000078   Code   RO          493    x$fpl$deqf          fz_ws.l(deqf.o)
    0x00004a9c   0x00004a9c   0x0000005e   Code   RO          495    x$fpl$dfix          fz_ws.l(dfix.o)
    0x00004afa   0x00004afa   0x00000002   PAD
    0x00004afc   0x00004afc   0x0000005a   Code   RO          499    x$fpl$dfixu         fz_ws.l(dfixu.o)
    0x00004b56   0x00004b56   0x0000002e   Code   RO          504    x$fpl$dflt          fz_ws.l(dflt_clz.o)
    0x00004b84   0x00004b84   0x00000026   Code   RO          503    x$fpl$dfltu         fz_ws.l(dflt_clz.o)
    0x00004baa   0x00004baa   0x00000002   PAD
    0x00004bac   0x00004bac   0x00000078   Code   RO          571    x$fpl$dleqf         fz_ws.l(dleqf.o)
    0x00004c24   0x00004c24   0x00000154   Code   RO          509    x$fpl$dmul          fz_ws.l(dmul.o)
    0x00004d78   0x00004d78   0x0000009c   Code   RO          573    x$fpl$dnaninf       fz_ws.l(dnaninf.o)
    0x00004e14   0x00004e14   0x0000000c   Code   RO          575    x$fpl$dretinf       fz_ws.l(dretinf.o)
    0x00004e20   0x00004e20   0x0000006c   Code   RO          511    x$fpl$drleqf        fz_ws.l(drleqf.o)
    0x00004e8c   0x00004e8c   0x000001d4   Code   RO          485    x$fpl$dsub          fz_ws.l(daddsub_clz.o)
    0x00005060   0x00005060   0x00000056   Code   RO          513    x$fpl$f2d           fz_ws.l(f2d.o)
    0x000050b6   0x000050b6   0x00000002   PAD
    0x000050b8   0x000050b8   0x000000c4   Code   RO          515    x$fpl$fadd          fz_ws.l(faddsub_clz.o)
    0x0000517c   0x0000517c   0x0000000c   Code   RO          655    x$fpl$fcheck1       fz_ws.l(fcheck1.o)
    0x00005188   0x00005188   0x00000018   Code   RO          577    x$fpl$fcmpinf       fz_ws.l(fcmpi.o)
    0x000051a0   0x000051a0   0x00000184   Code   RO          522    x$fpl$fdiv          fz_ws.l(fdiv.o)
    0x00005324   0x00005324   0x00000036   Code   RO          525    x$fpl$ffix          fz_ws.l(ffix.o)
    0x0000535a   0x0000535a   0x00000002   PAD
    0x0000535c   0x0000535c   0x0000003e   Code   RO          529    x$fpl$ffixu         fz_ws.l(ffixu.o)
    0x0000539a   0x0000539a   0x00000002   PAD
    0x0000539c   0x0000539c   0x00000030   Code   RO          534    x$fpl$fflt          fz_ws.l(fflt_clz.o)
    0x000053cc   0x000053cc   0x00000026   Code   RO          533    x$fpl$ffltu         fz_ws.l(fflt_clz.o)
    0x000053f2   0x000053f2   0x00000002   PAD
    0x000053f4   0x000053f4   0x00000068   Code   RO          539    x$fpl$fleqf         fz_ws.l(fleqf.o)
    0x0000545c   0x0000545c   0x00000102   Code   RO          541    x$fpl$fmul          fz_ws.l(fmul.o)
    0x0000555e   0x0000555e   0x0000008c   Code   RO          579    x$fpl$fnaninf       fz_ws.l(fnaninf.o)
    0x000055ea   0x000055ea   0x0000000a   Code   RO          581    x$fpl$fretinf       fz_ws.l(fretinf.o)
    0x000055f4   0x000055f4   0x00000062   Code   RO          543    x$fpl$frleqf        fz_ws.l(frleqf.o)
    0x00005656   0x00005656   0x00000002   PAD
    0x00005658   0x00005658   0x00000060   Code   RO          583    x$fpl$frnd          fz_ws.l(frnd.o)
    0x000056b8   0x000056b8   0x00000014   Code   RO          516    x$fpl$frsb          fz_ws.l(faddsub_clz.o)
    0x000056cc   0x000056cc   0x000000ea   Code   RO          517    x$fpl$fsub          fz_ws.l(faddsub_clz.o)
    0x000057b6   0x000057b6   0x00000064   Code   RO          712    x$fpl$retnan        fz_ws.l(retnan.o)
    0x0000581a   0x0000581a   0x0000004c   Code   RO          629    x$fpl$scalbnf       fz_ws.l(scalbnf.o)
    0x00005866   0x00005866   0x00000030   Code   RO          731    x$fpl$trapveneer    fz_ws.l(trapv.o)
    0x00005896   0x00005896   0x000005f0   Data   RO           60    .constdata          main.o
    0x00005e86   0x00005e86   0x00000002   PAD
    0x00005e88   0x00005e88   0x00000020   Data   RO          603    .constdata          m_ws.l(rredf.o)
    0x00005ea8   0x00005ea8   0x00000030   Data   RO          787    Region$$Table       anon$$obj.o
    0x00005ed8   0x00005ed8   0x00000110   Data   RO          640    locale$$data        c_w.l(lc_ctype_c.o)


    Execution Region RW_IRAM1 (Exec base: 0x10000000, Load base: 0x00005fe8, Size: 0x00000538, Max: 0x00008000, ABSOLUTE)

    Exec Addr    Load Addr    Size         Type   Attr      Idx    E Section Name        Object

    0x10000000        -       0x00000538   Zero   RW           59    .bss                main.o


    Execution Region RW_IRAM2 (Exec base: 0x2007c000, Load base: 0x00005fe8, Size: 0x000002b8, Max: 0x00008000, ABSOLUTE)

    Exec Addr    Load Addr    Size         Type   Attr      Idx    E Section Name        Object

    0x2007c000   0x00005fe8   0x00000050   Data   RW           61    .data               main.o
    0x2007c050   0x00006038   0x00000004   Data   RW          432    .data               system_lpc17xx.o
    0x2007c054        -       0x00000060   Zero   RW          606    .bss                c_w.l(libspace.o)
    0x2007c0b4   0x0000603c   0x00000004   PAD
    0x2007c0b8        -       0x00000000   Zero   RW          418    HEAP                startup_lpc17xx.o
    0x2007c0b8        -       0x00000200   Zero   RW          417    STACK               startup_lpc17xx.o


==============================================================================

Image component sizes


      Code (inc. data)   RO Data    RW Data    ZI Data      Debug   Object Name

     15282        714       1520         80       1336      75506   main.o
        64         26        204          0        512        980   startup_lpc17xx.o
       320         18          0          4          0        787   system_lpc17xx.o

    ----------------------------------------------------------------------
     15666        758       1774         84       1848      77273   Object Totals
         0          0         48          0          0          0   (incl. Generated)
         0          0          2          0          0          0   (incl. Padding)

    ----------------------------------------------------------------------

      Code (inc. data)   RO Data    RW Data    ZI Data      Debug   Library Member Name

         8          0          0          0          0         68   __main.o
         0          0          0          0          0          0   __rtentry.o
        12          0          0          0          0          0   __rtentry2.o
         6          0          0          0          0          0   __rtentry4.o
        52          8          0          0          0          0   __scatter.o
        26          0          0          0          0          0   __scatter_copy.o
        28          0          0          0          0          0   __scatter_zi.o
        28          0          0          0          0         68   _chval.o
        22          0          0          0          0        100   _rserrno.o
       158          0          0          0          0         92   _strtoul.o
        26          0          0          0          0         80   atoi.o
        18          0          0          0          0         80   exit.o
         6          0          0          0          0        152   heapauxi.o
         0          0          0          0          0          0   indicate_semi.o
        44         10        272          0          0         76   lc_ctype_c.o
         2          0          0          0          0          0   libinit.o
        20          0          0          0          0          0   libinit2.o
         2          0          0          0          0          0   libshutdown.o
         2          0          0          0          0          0   libshutdown2.o
         8          4          0          0         96         68   libspace.o
        16          4          0          0          0         76   rt_ctype_table.o
         8          4          0          0          0         68   rt_errno_addr_intlibspace.o
         8          4          0          0          0         68   rt_locale_intlibspace.o
       138          0          0          0          0         68   rt_memcpy_v6.o
       100          0          0          0          0         80   rt_memcpy_w.o
         2          0          0          0          0          0   rtexit.o
        10          0          0          0          0          0   rtexit2.o
       128          0          0          0          0         68   strcmpv7m.o
        62          0          0          0          0         76   strlen.o
       112          0          0          0          0         88   strtol.o
        12          4          0          0          0         68   sys_exit.o
        74          0          0          0          0         80   sys_stackheap_outer.o
         2          0          0          0          0         68   use_no_semi.o
        98          4          0          0          0         92   d2f.o
       804         16          0          0          0        272   daddsub_clz.o
        24          0          0          0          0         68   dcmpi.o
       688        140          0          0          0        208   ddiv.o
       120          4          0          0          0         92   deqf.o
        94          4          0          0          0         92   dfix.o
        90          4          0          0          0         92   dfixu.o
        84          0          0          0          0        136   dflt_clz.o
       120          4          0          0          0         92   dleqf.o
       340         12          0          0          0        104   dmul.o
       156          4          0          0          0         92   dnaninf.o
        12          0          0          0          0         68   dretinf.o
       108          0          0          0          0         80   drleqf.o
        86          4          0          0          0         84   f2d.o
       450          8          0          0          0        236   faddsub_clz.o
        12          4          0          0          0         68   fcheck1.o
        24          0          0          0          0         68   fcmpi.o
       388         76          0          0          0         96   fdiv.o
        54          4          0          0          0         84   ffix.o
        62          4          0          0          0         84   ffixu.o
        86          0          0          0          0        136   fflt_clz.o
       104          4          0          0          0         84   fleqf.o
       258          4          0          0          0         84   fmul.o
       140          4          0          0          0         84   fnaninf.o
        10          0          0          0          0         68   fretinf.o
        98          0          0          0          0         68   frleqf.o
        96          4          0          0          0         76   frnd.o
       100          0          0          0          0         68   retnan.o
        76          0          0          0          0         68   scalbnf.o
        48          0          0          0          0         68   trapv.o
         0          0          0          0          0          0   usenofp.o
        38          0          0          0          0         68   fpclassifyf.o
        24          0          0          0          0        204   funder.o
       360         16         32          0          0         88   rredf.o
       392         54          0          0          0        124   sinf.o

    ----------------------------------------------------------------------
      6808        416        304          0        100       5088   Library Totals
        24          0          0          0          4          0   (incl. Padding)

    ----------------------------------------------------------------------

      Code (inc. data)   RO Data    RW Data    ZI Data      Debug   Library Name

      1140         38        272          0         96       1592   c_w.l
      4830        308          0          0          0       3012   fz_ws.l
       814         70         32          0          0        484   m_ws.l

    ----------------------------------------------------------------------
      6808        416        304          0        100       5088   Library Totals

    ----------------------------------------------------------------------

==============================================================================


      Code (inc. data)   RO Data    RW Data    ZI Data      Debug   

     22474       1174       2078         84       1948      77365   Grand Totals
     22474       1174       2078         84       1948      77365   ELF Image Totals
     22474       1174       2078         84          0          0   ROM Totals

==============================================================================

    Total RO  Size (Code + RO Data)                24552 (  23.98kB)
    Total RW  Size (RW Data + ZI Data)              2032 (   1.98kB)
    Total ROM Size (Code + RO Data + RW Data)      24636 (  24.06kB)

==============================================================================

