<html>
<body>
<pre>
<h1>µVision Build Log</h1>
<h2>Tool Versions:</h2>
IDE-Version: ÂµVision V5.30.0.0
Copyright (C) 2020 ARM Ltd and ARM Germany GmbH. All rights reserved.
License Information: . ., ., LIC=----
 
Tool Versions:
Toolchain:       MDK-Lite  Version: 5.30.0.0
Toolchain Path:  C:\Keil_v5\ARM\ARMCC\Bin
C Compiler:      Armcc.exe V5.06 update 6 (build 750)
Assembler:       Armasm.exe V5.06 update 6 (build 750)
Linker/Locator:  ArmLink.exe V5.06 update 6 (build 750)
Library Manager: ArmAr.exe V5.06 update 6 (build 750)
Hex Converter:   FromElf.exe V5.06 update 6 (build 750)
CPU DLL:         SARMCM3.DLL V5.30.0.0
Dialog DLL:      DARMP1.DLL V1.27.0.0
Target DLL:      UL2CM3.DLL V1.163.3.0
Dialog DLL:      TARMP1.DLL V1.26.0.0
 
<h2>Project:</h2>
C:\Program Files (x86)\SED\QEI\QEI.uvprojx
Project File Date:  01/11/2025

<h2>Output:</h2>
*** Using Compiler 'V5.06 update 6 (build 750)', folder: 'C:\Keil_v5\ARM\ARMCC\Bin'
Rebuild target 'Target 1'
assembling startup_LPC17xx.s...
compiling system_LPC17xx.c...
compiling main.c...
../ADC_DAC/ADC_DAC.c(162): warning:  #61-D: integer operation result is out of range
    if (LPC_ADC->ADDR0 & (1 << 31) && batteryTrigger && !((LPC_ADC->ADGDR >> 24) & (0x7)) ) // Sabemos que se ha ejecutado esta conversión gracias al Mat0.1
../ADC_DAC/ADC_DAC.c(162): warning:  #68-D: integer conversion resulted in a change of sign
    if (LPC_ADC->ADDR0 & (1 << 31) && batteryTrigger && !((LPC_ADC->ADGDR >> 24) & (0x7)) ) // Sabemos que se ha ejecutado esta conversión gracias al Mat0.1
../ADC_DAC/ADC_DAC.c(171): warning:  #61-D: integer operation result is out of range
    if (LPC_ADC->ADDR1 & (1 << 31) && speedInit)
../ADC_DAC/ADC_DAC.c(171): warning:  #68-D: integer conversion resulted in a change of sign
    if (LPC_ADC->ADDR1 & (1 << 31) && speedInit)
QEI.c(132): warning:  #140-D: too many arguments in function call
    speed_get_value(0.001);
QEI.c(162): warning:  #223-D: function "abs" declared implicitly
      if(abs(QEI_get_speed() - old_speed) > 1) {
QEI.c(166): warning:  #167-D: argument of type "char *" is incompatible with parameter of type "uint8_t *"
        GUI_Text(150,0,buffer,Blue,Black) ;
QEI.c(173): warning:  #167-D: argument of type "char *" is incompatible with parameter of type "uint8_t *"
      GUI_Text(150,30,buffer,Blue,Black);
QEI.c(178): warning:  #167-D: argument of type "char *" is incompatible with parameter of type "uint8_t *"
    GUI_Text(150,30,buffer,Blue,Black);
QEI.c(128): warning:  #550-D: variable "almendra"  was set but never used
    int almendra = 3;
QEI.c(214): warning:  #167-D: argument of type "char *" is incompatible with parameter of type "uint8_t *"
    GUI_Text(150,30,buffer,Blue,Black);
../UART/UART.c(6): warning:  #47-D: incompatible redefinition of macro "F_CPU"  (declared at line 8 of "QEI.c")
  #define F_CPU     (SystemCoreClock)   // From system_LPC17xx.h
../UART/UART.c(7): warning:  #47-D: incompatible redefinition of macro "F_PCLK"  (declared at line 9 of "QEI.c")
  #define F_PCLK    (F_CPU/4)
main.c(38): warning:  #177-D: variable "dummyVariable"  was declared but never referenced
    int dummyVariable;
main.c(40): warning:  #177-D: variable "b"  was declared but never referenced
    char b;
main.c: 15 warnings, 0 errors
linking...
Program Size: Code=22758 RO-data=2078 RW-data=112 ZI-data=1944  
".\Objects\QEI.axf" - 0 Error(s), 15 Warning(s).

<h2>Software Packages used:</h2>

Package Vendor: ARM
                http://www.keil.com/pack/ARM.CMSIS.5.9.0.pack
                ARM.CMSIS.5.9.0
                CMSIS (Common Microcontroller Software Interface Standard)
   * Component: CORE Version: 5.6.0

Package Vendor: Keil
                https://www.keil.com/pack/Keil.LPC1700_DFP.2.7.2.pack
                Keil.LPC1700_DFP.2.7.2
                NXP LPC1700 Series Device Support, Drivers and Examples for MCB1700 and LPC1788-32
   * Component: Startup Version: 1.0.0

<h2>Collection of Component include folders:</h2>
  .\RTE\Device\LPC1768
  .\RTE\_Target_1
  C:\Users\famil\AppData\Local\Arm\Packs\ARM\CMSIS\5.9.0\CMSIS\Core\Include
  C:\Users\famil\AppData\Local\Arm\Packs\Keil\LPC1700_DFP\2.7.2\Device\Include

<h2>Collection of Component Files used:</h2>

   * Component: ARM::CMSIS:CORE:5.6.0

   * Component: Keil::Device:Startup:1.0.0
      Source file:   Device\Source\ARM\startup_LPC17xx.s
      Include file:  Device\Include\LPC17xx.h
      Include file:  RTE_Driver\Config\RTE_Device.h
      Source file:   Device\Source\system_LPC17xx.c
Build Time Elapsed:  00:00:01
</pre>
</body>
</html>
